../Core/Src/main.c:207:6:EncodeHex	32	static
../Core/Src/main.c:216:6:HAL_GPIO_EXTI_Callback	16	static
../Core/Src/main.c:234:5:main	8	static
../Core/Src/main.c:349:6:SystemClock_Config	88	static
../Core/Src/main.c:396:13:MX_ADC1_Init	24	static
../Core/Src/main.c:448:13:MX_RNG_Init	8	static
../Core/Src/main.c:474:13:MX_RTC_Init	32	static
../Core/Src/main.c:537:13:MX_SDIO_SD_Init	4	static
../Core/Src/main.c:563:13:MX_DMA_Init	16	static
../Core/Src/main.c:584:13:MX_GPIO_Init	48	static
../Core/Src/main.c:639:6:StartDefaultTask	16	static
../Core/Src/main.c:658:6:Get_ADC_Val	16	static
../Core/Src/main.c:695:6:Write_TO_SDIO	120	static
../Core/Src/main.c:769:6:Get_Time_Date	16	static
../Core/Src/main.c:804:6:Encrypt_DATA	72	static
../Core/Src/main.c:877:6:Decrypt_DATA	24	static
../Core/Src/main.c:914:6:HAL_TIM_PeriodElapsedCallback	16	static
../Core/Src/main.c:932:6:Error_Handler	8	static,ignoring_inline_asm
