Archive member included to satisfy reference by file (symbol)

D:\Projets CubeIDE\Nouveaux projets\SDIO_RTOS\Crypto_Lib\Lib\libSTM32CryptographicV3.0.0_CM4_GCC_ot.a(crypto.o)
                              ./Core/Src/main.o (AES_CBC_Encrypt_Init)
D:/STM32 Download/CubeIDE/STM32CubeIDE_1.14.1/STM32CubeIDE/plugins/com.st.stm32cube.ide.mcu.externaltools.gnu-tools-for-stm32.13.3.rel1.win32_1.0.0.202411081344/tools/bin/../lib/gcc/arm-none-eabi/13.3.1/../../../../arm-none-eabi/lib/thumb/v7e-m+fp/softfp\libc_nano.a(libc_a-exit.o)
                              D:/STM32 Download/CubeIDE/STM32CubeIDE_1.14.1/STM32CubeIDE/plugins/com.st.stm32cube.ide.mcu.externaltools.gnu-tools-for-stm32.13.3.rel1.win32_1.0.0.202411081344/tools/bin/../lib/gcc/arm-none-eabi/13.3.1/../../../../arm-none-eabi/lib/thumb/v7e-m+fp/softfp/crt0.o (exit)
D:/STM32 Download/CubeIDE/STM32CubeIDE_1.14.1/STM32CubeIDE/plugins/com.st.stm32cube.ide.mcu.externaltools.gnu-tools-for-stm32.13.3.rel1.win32_1.0.0.202411081344/tools/bin/../lib/gcc/arm-none-eabi/13.3.1/../../../../arm-none-eabi/lib/thumb/v7e-m+fp/softfp\libc_nano.a(libc_a-malloc.o)
                              ./Middlewares/Third_Party/FatFs/src/option/syscall.o (malloc)
D:/STM32 Download/CubeIDE/STM32CubeIDE_1.14.1/STM32CubeIDE/plugins/com.st.stm32cube.ide.mcu.externaltools.gnu-tools-for-stm32.13.3.rel1.win32_1.0.0.202411081344/tools/bin/../lib/gcc/arm-none-eabi/13.3.1/../../../../arm-none-eabi/lib/thumb/v7e-m+fp/softfp\libc_nano.a(libc_a-mallocr.o)
                              D:/STM32 Download/CubeIDE/STM32CubeIDE_1.14.1/STM32CubeIDE/plugins/com.st.stm32cube.ide.mcu.externaltools.gnu-tools-for-stm32.13.3.rel1.win32_1.0.0.202411081344/tools/bin/../lib/gcc/arm-none-eabi/13.3.1/../../../../arm-none-eabi/lib/thumb/v7e-m+fp/softfp\libc_nano.a(libc_a-malloc.o) (_malloc_r)
D:/STM32 Download/CubeIDE/STM32CubeIDE_1.14.1/STM32CubeIDE/plugins/com.st.stm32cube.ide.mcu.externaltools.gnu-tools-for-stm32.13.3.rel1.win32_1.0.0.202411081344/tools/bin/../lib/gcc/arm-none-eabi/13.3.1/../../../../arm-none-eabi/lib/thumb/v7e-m+fp/softfp\libc_nano.a(libc_a-mlock.o)
                              D:/STM32 Download/CubeIDE/STM32CubeIDE_1.14.1/STM32CubeIDE/plugins/com.st.stm32cube.ide.mcu.externaltools.gnu-tools-for-stm32.13.3.rel1.win32_1.0.0.202411081344/tools/bin/../lib/gcc/arm-none-eabi/13.3.1/../../../../arm-none-eabi/lib/thumb/v7e-m+fp/softfp\libc_nano.a(libc_a-mallocr.o) (__malloc_lock)
D:/STM32 Download/CubeIDE/STM32CubeIDE_1.14.1/STM32CubeIDE/plugins/com.st.stm32cube.ide.mcu.externaltools.gnu-tools-for-stm32.13.3.rel1.win32_1.0.0.202411081344/tools/bin/../lib/gcc/arm-none-eabi/13.3.1/../../../../arm-none-eabi/lib/thumb/v7e-m+fp/softfp\libc_nano.a(libc_a-findfp.o)
                              ./Middlewares/Third_Party/FreeRTOS/Source/tasks.o (__sf)
D:/STM32 Download/CubeIDE/STM32CubeIDE_1.14.1/STM32CubeIDE/plugins/com.st.stm32cube.ide.mcu.externaltools.gnu-tools-for-stm32.13.3.rel1.win32_1.0.0.202411081344/tools/bin/../lib/gcc/arm-none-eabi/13.3.1/../../../../arm-none-eabi/lib/thumb/v7e-m+fp/softfp\libc_nano.a(libc_a-fwalk.o)
                              D:/STM32 Download/CubeIDE/STM32CubeIDE_1.14.1/STM32CubeIDE/plugins/com.st.stm32cube.ide.mcu.externaltools.gnu-tools-for-stm32.13.3.rel1.win32_1.0.0.202411081344/tools/bin/../lib/gcc/arm-none-eabi/13.3.1/../../../../arm-none-eabi/lib/thumb/v7e-m+fp/softfp\libc_nano.a(libc_a-findfp.o) (_fwalk_sglue)
D:/STM32 Download/CubeIDE/STM32CubeIDE_1.14.1/STM32CubeIDE/plugins/com.st.stm32cube.ide.mcu.externaltools.gnu-tools-for-stm32.13.3.rel1.win32_1.0.0.202411081344/tools/bin/../lib/gcc/arm-none-eabi/13.3.1/../../../../arm-none-eabi/lib/thumb/v7e-m+fp/softfp\libc_nano.a(libc_a-snprintf.o)
                              ./Core/Src/main.o (snprintf)
D:/STM32 Download/CubeIDE/STM32CubeIDE_1.14.1/STM32CubeIDE/plugins/com.st.stm32cube.ide.mcu.externaltools.gnu-tools-for-stm32.13.3.rel1.win32_1.0.0.202411081344/tools/bin/../lib/gcc/arm-none-eabi/13.3.1/../../../../arm-none-eabi/lib/thumb/v7e-m+fp/softfp\libc_nano.a(libc_a-sprintf.o)
                              ./Core/Src/main.o (sprintf)
D:/STM32 Download/CubeIDE/STM32CubeIDE_1.14.1/STM32CubeIDE/plugins/com.st.stm32cube.ide.mcu.externaltools.gnu-tools-for-stm32.13.3.rel1.win32_1.0.0.202411081344/tools/bin/../lib/gcc/arm-none-eabi/13.3.1/../../../../arm-none-eabi/lib/thumb/v7e-m+fp/softfp\libc_nano.a(libc_a-stdio.o)
                              D:/STM32 Download/CubeIDE/STM32CubeIDE_1.14.1/STM32CubeIDE/plugins/com.st.stm32cube.ide.mcu.externaltools.gnu-tools-for-stm32.13.3.rel1.win32_1.0.0.202411081344/tools/bin/../lib/gcc/arm-none-eabi/13.3.1/../../../../arm-none-eabi/lib/thumb/v7e-m+fp/softfp\libc_nano.a(libc_a-findfp.o) (__sread)
D:/STM32 Download/CubeIDE/STM32CubeIDE_1.14.1/STM32CubeIDE/plugins/com.st.stm32cube.ide.mcu.externaltools.gnu-tools-for-stm32.13.3.rel1.win32_1.0.0.202411081344/tools/bin/../lib/gcc/arm-none-eabi/13.3.1/../../../../arm-none-eabi/lib/thumb/v7e-m+fp/softfp\libc_nano.a(libc_a-memmove.o)
[...]
Memory Configuration

Name             Origin             Length             Attributes
CCMRAM           0x10000000         0x00010000         xrw
RAM              0x20000000         0x00020000         xrw
FLASH            0x08000000         0x00100000         xr
*default*        0x00000000         0xffffffff

Linker script and memory map

LOAD D:/STM32 Download/CubeIDE/STM32CubeIDE_1.14.1/STM32CubeIDE/plugins/com.st.stm32cube.ide.mcu.externaltools.gnu-tools-for-stm32.13.3.rel1.win32_1.0.0.202411081344/tools/bin/../lib/gcc/arm-none-eabi/13.3.1/thumb/v7e-m+fp/softfp/crti.o
LOAD D:/STM32 Download/CubeIDE/STM32CubeIDE_1.14.1/STM32CubeIDE/plugins/com.st.stm32cube.ide.mcu.externaltools.gnu-tools-for-stm32.13.3.rel1.win32_1.0.0.202411081344/tools/bin/../lib/gcc/arm-none-eabi/13.3.1/thumb/v7e-m+fp/softfp/crtbegin.o
LOAD D:/STM32 Download/CubeIDE/STM32CubeIDE_1.14.1/STM32CubeIDE/plugins/com.st.stm32cube.ide.mcu.externaltools.gnu-tools-for-stm32.13.3.rel1.win32_1.0.0.202411081344/tools/bin/../lib/gcc/arm-none-eabi/13.3.1/../../../../arm-none-eabi/lib/thumb/v7e-m+fp/softfp/crt0.o
LOAD ./Core/Src/freertos.o
LOAD ./Core/Src/main.o
LOAD ./Core/Src/stm32f4xx_hal_msp.o
LOAD ./Core/Src/stm32f4xx_hal_timebase_tim.o
LOAD ./Core/Src/stm32f4xx_it.o
LOAD ./Core/Src/syscalls.o
LOAD ./Core/Src/sysmem.o
LOAD ./Core/Src/system_stm32f4xx.o
LOAD ./Core/Startup/startup_stm32f407vgtx.o
LOAD ./Drivers/STM32F4xx_HAL_Driver/Src/stm32f4xx_hal.o
LOAD ./Drivers/STM32F4xx_HAL_Driver/Src/stm32f4xx_hal_adc.o
LOAD ./Drivers/STM32F4xx_HAL_Driver/Src/stm32f4xx_hal_adc_ex.o
LOAD ./Drivers/STM32F4xx_HAL_Driver/Src/stm32f4xx_hal_cortex.o
LOAD ./Drivers/STM32F4xx_HAL_Driver/Src/stm32f4xx_hal_dma.o
LOAD ./Drivers/STM32F4xx_HAL_Driver/Src/stm32f4xx_hal_dma_ex.o
LOAD ./Drivers/STM32F4xx_HAL_Driver/Src/stm32f4xx_hal_exti.o
LOAD ./Drivers/STM32F4xx_HAL_Driver/Src/stm32f4xx_hal_flash.o
LOAD ./Drivers/STM32F4xx_HAL_Driver/Src/stm32f4xx_hal_flash_ex.o
LOAD ./Drivers/STM32F4xx_HAL_Driver/Src/stm32f4xx_hal_flash_ramfunc.o
LOAD ./Drivers/STM32F4xx_HAL_Driver/Src/stm32f4xx_hal_gpio.o
LOAD ./Drivers/STM32F4xx_HAL_Driver/Src/stm32f4xx_hal_mmc.o
LOAD ./Drivers/STM32F4xx_HAL_Driver/Src/stm32f4xx_hal_pwr.o
LOAD ./Drivers/STM32F4xx_HAL_Driver/Src/stm32f4xx_hal_pwr_ex.o
LOAD ./Drivers/STM32F4xx_HAL_Driver/Src/stm32f4xx_hal_rcc.o
LOAD ./Drivers/STM32F4xx_HAL_Driver/Src/stm32f4xx_hal_rcc_ex.o
LOAD ./Drivers/STM32F4xx_HAL_Driver/Src/stm32f4xx_hal_rng.o
LOAD ./Drivers/STM32F4xx_HAL_Driver/Src/stm32f4xx_hal_rtc.o
LOAD ./Drivers/STM32F4xx_HAL_Driver/Src/stm32f4xx_hal_rtc_ex.o
LOAD ./Drivers/STM32F4xx_HAL_Driver/Src/stm32f4xx_hal_sd.o
LOAD ./Drivers/STM32F4xx_HAL_Driver/Src/stm32f4xx_hal_tim.o
LOAD ./Drivers/STM32F4xx_HAL_Driver/Src/stm32f4xx_hal_tim_ex.o
LOAD ./Drivers/STM32F4xx_HAL_Driver/Src/stm32f4xx_ll_adc.o
LOAD ./Drivers/STM32F4xx_HAL_Driver/Src/stm32f4xx_ll_sdmmc.o
LOAD ./FATFS/App/fatfs.o
LOAD ./FATFS/Target/bsp_driver_sd.o
LOAD ./FATFS/Target/fatfs_platform.o
LOAD ./FATFS/Target/sd_diskio.o
LOAD ./Middlewares/Third_Party/FatFs/src/diskio.o
LOAD ./Middlewares/Third_Party/FatFs/src/ff.o
LOAD ./Middlewares/Third_Party/FatFs/src/ff_gen_drv.o
LOAD ./Middlewares/Third_Party/FatFs/src/option/ccsbcs.o
LOAD ./Middlewares/Third_Party/FatFs/src/option/syscall.o
LOAD ./Middlewares/Third_Party/FreeRTOS/Source/CMSIS_RTOS_V2/cmsis_os2.o
LOAD ./Middlewares/Third_Party/FreeRTOS/Source/croutine.o
LOAD ./Middlewares/Third_Party/FreeRTOS/Source/event_groups.o
LOAD ./Middlewares/Third_Party/FreeRTOS/Source/list.o
LOAD ./Middlewares/Third_Party/FreeRTOS/Source/queue.o
LOAD ./Middlewares/Third_Party/FreeRTOS/Source/stream_buffer.o
LOAD ./Middlewares/Third_Party/FreeRTOS/Source/tasks.o
LOAD ./Middlewares/Third_Party/FreeRTOS/Source/timers.o
LOAD ./Middlewares/Third_Party/FreeRTOS/Source/portable/GCC/ARM_CM4F/port.o
LOAD ./Middlewares/Third_Party/FreeRTOS/Source/portable/MemMang/heap_4.o
LOAD D:\Projets CubeIDE\Nouveaux projets\SDIO_RTOS\Crypto_Lib\Lib\libSTM32CryptographicV3.0.0_CM4_GCC_ot.a
START GROUP
LOAD D:/STM32 Download/CubeIDE/STM32CubeIDE_1.14.1/STM32CubeIDE/plugins/com.st.stm32cube.ide.mcu.externaltools.gnu-tools-for-stm32.13.3.rel1.win32_1.0.0.202411081344/tools/bin/../lib/gcc/arm-none-eabi/13.3.1/../../../../arm-none-eabi/lib/thumb/v7e-m+fp/softfp\libc_nano.a
LOAD D:/STM32 Download/CubeIDE/STM32CubeIDE_1.14.1/STM32CubeIDE/plugins/com.st.stm32cube.ide.mcu.externaltools.gnu-tools-for-stm32.13.3.rel1.win32_1.0.0.202411081344/tools/bin/../lib/gcc/arm-none-eabi/13.3.1/../../../../arm-none-eabi/lib/thumb/v7e-m+fp/softfp\libm.a
END GROUP
START GROUP
LOAD D:/STM32 Download/CubeIDE/STM32CubeIDE_1.14.1/STM32CubeIDE/plugins/com.st.stm32cube.ide.mcu.externaltools.gnu-tools-for-stm32.13.3.rel1.win32_1.0.0.202411081344/tools/bin/../lib/gcc/arm-none-eabi/13.3.1/thumb/v7e-m+fp/softfp\libgcc.a
LOAD D:/STM32 Download/CubeIDE/STM32CubeIDE_1.14.1/STM32CubeIDE/plugins/com.st.stm32cube.ide.mcu.externaltools.gnu-tools-for-stm32.13.3.rel1.win32_1.0.0.202411081344/tools/bin/../lib/gcc/arm-none-eabi/13.3.1/../../../../arm-none-eabi/lib/thumb/v7e-m+fp/softfp\libc_nano.a
END GROUP
START GROUP
LOAD D:/STM32 Download/CubeIDE/STM32CubeIDE_1.14.1/STM32CubeIDE/plugins/com.st.stm32cube.ide.mcu.externaltools.gnu-tools-for-stm32.13.3.rel1.win32_1.0.0.202411081344/tools/bin/../lib/gcc/arm-none-eabi/13.3.1/thumb/v7e-m+fp/softfp\libgcc.a
LOAD D:/STM32 Download/CubeIDE/STM32CubeIDE_1.14.1/STM32CubeIDE/plugins/com.st.stm32cube.ide.mcu.externaltools.gnu-tools-for-stm32.13.3.rel1.win32_1.0.0.202411081344/tools/bin/../lib/gcc/arm-none-eabi/13.3.1/../../../../arm-none-eabi/lib/thumb/v7e-m+fp/softfp\libc_nano.a
LOAD D:/STM32 Download/CubeIDE/STM32CubeIDE_1.14.1/STM32CubeIDE/plugins/com.st.stm32cube.ide.mcu.externaltools.gnu-tools-for-stm32.13.3.rel1.win32_1.0.0.202411081344/tools/bin/../lib/gcc/arm-none-eabi/13.3.1/../../../../arm-none-eabi/lib/thumb/v7e-m+fp/softfp\libnosys.a
END GROUP
START GROUP
LOAD D:/STM32 Download/CubeIDE/STM32CubeIDE_1.14.1/STM32CubeIDE/plugins/com.st.stm32cube.ide.mcu.externaltools.gnu-tools-for-stm32.13.3.rel1.win32_1.0.0.202411081344/tools/bin/../lib/gcc/arm-none-eabi/13.3.1/thumb/v7e-m+fp/softfp\libgcc.a
LOAD D:/STM32 Download/CubeIDE/STM32CubeIDE_1.14.1/STM32CubeIDE/plugins/com.st.stm32cube.ide.mcu.externaltools.gnu-tools-for-stm32.13.3.rel1.win32_1.0.0.202411081344/tools/bin/../lib/gcc/arm-none-eabi/13.3.1/../../../../arm-none-eabi/lib/thumb/v7e-m+fp/softfp\libc_nano.a
LOAD D:/STM32 Download/CubeIDE/STM32CubeIDE_1.14.1/STM32CubeIDE/plugins/com.st.stm32cube.ide.mcu.externaltools.gnu-tools-for-stm32.13.3.rel1.win32_1.0.0.202411081344/tools/bin/../lib/gcc/arm-none-eabi/13.3.1/../../../../arm-none-eabi/lib/thumb/v7e-m+fp/softfp\libnosys.a
END GROUP
LOAD D:/STM32 Download/CubeIDE/STM32CubeIDE_1.14.1/STM32CubeIDE/plugins/com.st.stm32cube.ide.mcu.externaltools.gnu-tools-for-stm32.13.3.rel1.win32_1.0.0.202411081344/tools/bin/../lib/gcc/arm-none-eabi/13.3.1/thumb/v7e-m+fp/softfp/crtend.o
LOAD D:/STM32 Download/CubeIDE/STM32CubeIDE_1.14.1/STM32CubeIDE/plugins/com.st.stm32cube.ide.mcu.externaltools.gnu-tools-for-stm32.13.3.rel1.win32_1.0.0.202411081344/tools/bin/../lib/gcc/arm-none-eabi/13.3.1/thumb/v7e-m+fp/softfp/crtn.o
                0x20020000                        _estack = (ORIGIN (RAM) + LENGTH (RAM))
                0x00000200                        _Min_Heap_Size = 0x200
                0x00000400                        _Min_Stack_Size = 0x400

.isr_vector     0x08000000      0x188
                0x08000000                        . = ALIGN (0x4)
 *(.isr_vector)
 .isr_vector    0x08000000      0x188 ./Core/Startup/startup_stm32f407vgtx.o
                0x08000000                g_pfnVectors
                0x08000188                        . = ALIGN (0x4)

.text           0x08000190     0xe794
                0x08000190                        . = ALIGN (0x4)
 *(.text)
 .text          0x08000190       0x40 D:/STM32 Download/CubeIDE/STM32CubeIDE_1.14.1/STM32CubeIDE/plugins/com.st.stm32cube.ide.mcu.externaltools.gnu-tools-for-stm32.13.3.rel1.win32_1.0.0.202411081344/tools/bin/../lib/gcc/arm-none-eabi/13.3.1/thumb/v7e-m+fp/softfp/crtbegin.o
 .text          0x080001d0       0x10 D:/STM32 Download/CubeIDE/STM32CubeIDE_1.14.1/STM32CubeIDE/plugins/com.st.stm32cube.ide.mcu.externaltools.gnu-tools-for-stm32.13.3.rel1.win32_1.0.0.202411081344/tools/bin/../lib/gcc/arm-none-eabi/13.3.1/../../../../arm-none-eabi/lib/thumb/v7e-m+fp/softfp\libc_nano.a(libc_a-strlen.o)
                0x080001d0                strlen
 .text          0x080001e0       0xa0 D:/STM32 Download/CubeIDE/STM32CubeIDE_1.14.1/STM32CubeIDE/plugins/com.st.stm32cube.ide.mcu.externaltools.gnu-tools-for-stm32.13.3.rel1.win32_1.0.0.202411081344/tools/bin/../lib/gcc/arm-none-eabi/13.3.1/../../../../arm-none-eabi/lib/thumb/v7e-m+fp/softfp\libc_nano.a(libc_a-memchr.o)
                0x080001e0                memchr
 .text          0x08000280       0x30 D:/STM32 Download/CubeIDE/STM32CubeIDE_1.14.1/STM32CubeIDE/plugins/com.st.stm32cube.ide.mcu.externaltools.gnu-tools-for-stm32.13.3.rel1.win32_1.0.0.202411081344/tools/bin/../lib/gcc/arm-none-eabi/13.3.1/thumb/v7e-m+fp/softfp\libgcc.a(_aeabi_uldivmod.o)
                0x08000280                __aeabi_uldivmod
 .text          0x080002b0      0x2f8 D:/STM32 Download/CubeIDE/STM32CubeIDE_1.14.1/STM32CubeIDE/plugins/com.st.stm32cube.ide.mcu.externaltools.gnu-tools-for-stm32.13.3.rel1.win32_1.0.0.202411081344/tools/bin/../lib/gcc/arm-none-eabi/13.3.1/thumb/v7e-m+fp/softfp\libgcc.a(_udivmoddi4.o)
                0x080002b0                __udivmoddi4
 .text          0x080005a8        0x4 D:/STM32 Download/CubeIDE/STM32CubeIDE_1.14.1/STM32CubeIDE/plugins/com.st.stm32cube.ide.mcu.externaltools.gnu-tools-for-stm32.13.3.rel1.win32_1.0.0.202411081344/tools/bin/../lib/gcc/arm-none-eabi/13.3.1/thumb/v7e-m+fp/softfp\libgcc.a(_dvmd_tls.o)
                0x080005a8                __aeabi_idiv0
                0x080005a8                __aeabi_ldiv0
 *(.text*)
 .text.EncodeHex
                0x080005ac       0x50 ./Core/Src/main.o
                0x080005ac                EncodeHex
 .text.HAL_GPIO_EXTI_Callback
                0x080005fc       0x44 ./Core/Src/main.o
                0x080005fc                HAL_GPIO_EXTI_Callback
 .text.main     0x08000640      0x13c ./Core/Src/main.o
                0x08000640                main
 .text.SystemClock_Config
                0x0800077c       0xd8 ./Core/Src/main.o
                0x0800077c                SystemClock_Config
 .text.MX_ADC1_Init
                0x08000854       0xa4 ./Core/Src/main.o
 .text.MX_RNG_Init
                0x080008f8       0x28 ./Core/Src/main.o
 .text.MX_RTC_Init
                0x08000920       0xb4 ./Core/Src/main.o
 .text.MX_SDIO_SD_Init
                0x080009d4       0x40 ./Core/Src/main.o
 .text.MX_DMA_Init
                0x08000a14       0x50 ./Core/Src/main.o
 .text.MX_GPIO_Init
                0x08000a64      0x108 ./Core/Src/main.o
 .text.StartDefaultTask
                0x08000b6c       0x24 ./Core/Src/main.o
                0x08000b6c                StartDefaultTask
 .text.Get_ADC_Val
                0x08000b90       0x78 ./Core/Src/main.o
                0x08000b90                Get_ADC_Val
 .text.Write_TO_SDIO
                0x08000c08      0x134 ./Core/Src/main.o
                0x08000c08                Write_TO_SDIO
 .text.Get_Time_Date
                0x08000d3c       0x84 ./Core/Src/main.o
                0x08000d3c                Get_Time_Date
 .text.Encrypt_DATA
                0x08000dc0      0x190 ./Core/Src/main.o
                0x08000dc0                Encrypt_DATA
 .text.Decrypt_DATA
                0x08000f50       0x94 ./Core/Src/main.o
                0x08000f50                Decrypt_DATA
 .text.HAL_TIM_PeriodElapsedCallback
                0x08000fe4       0x24 ./Core/Src/main.o
                0x08000fe4                HAL_TIM_PeriodElapsedCallback
 .text.Error_Handler
                0x08001008       0x1c ./Core/Src/main.o
                0x08001008                Error_Handler
 .text.HAL_MspInit
                0x08001024       0x58 ./Core/Src/stm32f4xx_hal_msp.o
                0x08001024                HAL_MspInit
 .text.HAL_ADC_MspInit
                0x0800107c       0x88 ./Core/Src/stm32f4xx_hal_msp.o
                0x0800107c                HAL_ADC_MspInit
 .text.HAL_RNG_MspInit
                0x08001104       0x44 ./Core/Src/stm32f4xx_hal_msp.o
                0x08001104                HAL_RNG_MspInit
 .text.HAL_RTC_MspInit
                0x08001148       0x54 ./Core/Src/stm32f4xx_hal_msp.o
                0x08001148                HAL_RTC_MspInit
 .text.HAL_SD_MspInit
                0x0800119c      0x1e0 ./Core/Src/stm32f4xx_hal_msp.o
                0x0800119c                HAL_SD_MspInit
 .text.HAL_InitTick
                0x0800137c       0xf8 ./Core/Src/stm32f4xx_hal_timebase_tim.o
                0x0800137c                HAL_InitTick
 .text.NMI_Handler
                0x08001474        0x8 ./Core/Src/stm32f4xx_it.o
                0x08001474                NMI_Handler
 .text.HardFault_Handler
                0x0800147c        0x8 ./Core/Src/stm32f4xx_it.o
                0x0800147c                HardFault_Handler
 .text.MemManage_Handler
                0x08001484        0x8 ./Core/Src/stm32f4xx_it.o
                0x08001484                MemManage_Handler
 .text.BusFault_Handler
                0x0800148c        0x8 ./Core/Src/stm32f4xx_it.o
                0x0800148c                BusFault_Handler
 .text.UsageFault_Handler
                0x08001494        0x8 ./Core/Src/stm32f4xx_it.o
                0x08001494                UsageFault_Handler
 .text.DebugMon_Handler
                0x0800149c        0xe ./Core/Src/stm32f4xx_it.o
                0x0800149c                DebugMon_Handler
 .text.EXTI0_IRQHandler
                0x080014aa        0xe ./Core/Src/stm32f4xx_it.o
                0x080014aa                EXTI0_IRQHandler
 .text.SDIO_IRQHandler
                0x080014b8       0x14 ./Core/Src/stm32f4xx_it.o
                0x080014b8                SDIO_IRQHandler
 .text.TIM6_DAC_IRQHandler
                0x080014cc       0x14 ./Core/Src/stm32f4xx_it.o
                0x080014cc                TIM6_DAC_IRQHandler
 .text.DMA2_Stream3_IRQHandler
                0x080014e0       0x14 ./Core/Src/stm32f4xx_it.o
                0x080014e0                DMA2_Stream3_IRQHandler
 .text.DMA2_Stream6_IRQHandler
                0x080014f4       0x14 ./Core/Src/stm32f4xx_it.o
                0x080014f4                DMA2_Stream6_IRQHandler
 .text._sbrk    0x08001508       0x6c ./Core/Src/sysmem.o
                0x08001508                _sbrk
 .text.SystemInit
                0x08001574       0x24 ./Core/Src/system_stm32f4xx.o
                0x08001574                SystemInit
 .text.Reset_Handler
                0x08001598       0x50 ./Core/Startup/startup_stm32f407vgtx.o
                0x08001598                Reset_Handler
 .text.Default_Handler
                0x080015e8        0x2 ./Core/Startup/startup_stm32f407vgtx.o
                0x080015e8                RTC_Alarm_IRQHandler
                0x080015e8                HASH_RNG_IRQHandler
                0x080015e8                EXTI2_IRQHandler
                0x080015e8                TIM8_CC_IRQHandler
                0x080015e8                TIM1_CC_IRQHandler
                0x080015e8                DMA2_Stream5_IRQHandler
                0x080015e8                DMA1_Stream5_IRQHandler
                0x080015e8                PVD_IRQHandler
                0x080015e8                TAMP_STAMP_IRQHandler
                0x080015e8                CAN2_RX1_IRQHandler
                0x080015e8                EXTI3_IRQHandler
                0x080015e8                TIM8_TRG_COM_TIM14_IRQHandler
                0x080015e8                TIM1_UP_TIM10_IRQHandler
                0x080015e8                TIM8_UP_TIM13_IRQHandler
                0x080015e8                I2C3_ER_IRQHandler
                0x080015e8                I2C2_EV_IRQHandler
                0x080015e8                DMA1_Stream2_IRQHandler
                0x080015e8                CAN1_RX0_IRQHandler
                0x080015e8                FPU_IRQHandler
                0x080015e8                OTG_HS_WKUP_IRQHandler
                0x080015e8                CAN2_SCE_IRQHandler
                0x080015e8                DMA2_Stream2_IRQHandler
                0x080015e8                SPI1_IRQHandler
                0x080015e8                TIM1_BRK_TIM9_IRQHandler
                0x080015e8                DCMI_IRQHandler
                0x080015e8                CAN2_RX0_IRQHandler
                0x080015e8                USART6_IRQHandler
                0x080015e8                USART3_IRQHandler
                0x080015e8                CAN1_RX1_IRQHandler
                0x080015e8                UART5_IRQHandler
                0x080015e8                DMA2_Stream0_IRQHandler
                0x080015e8                TIM4_IRQHandler
                0x080015e8                I2C1_EV_IRQHandler
                0x080015e8                DMA1_Stream6_IRQHandler
                0x080015e8                DMA1_Stream1_IRQHandler
                0x080015e8                UART4_IRQHandler
                0x080015e8                TIM3_IRQHandler
                0x080015e8                RCC_IRQHandler
                0x080015e8                TIM8_BRK_TIM12_IRQHandler
                0x080015e8                Default_Handler
                0x080015e8                EXTI15_10_IRQHandler
                0x080015e8                ADC_IRQHandler
                0x080015e8                DMA1_Stream7_IRQHandler
                0x080015e8                TIM7_IRQHandler
                0x080015e8                CAN2_TX_IRQHandler
                0x080015e8                TIM5_IRQHandler
                0x080015e8                DMA2_Stream7_IRQHandler
                0x080015e8                I2C3_EV_IRQHandler
                0x080015e8                EXTI9_5_IRQHandler
                0x080015e8                RTC_WKUP_IRQHandler
                0x080015e8                ETH_WKUP_IRQHandler
                0x080015e8                SPI2_IRQHandler
                0x080015e8                OTG_HS_EP1_IN_IRQHandler
                0x080015e8                DMA1_Stream0_IRQHandler
                0x080015e8                CAN1_TX_IRQHandler
                0x080015e8                EXTI4_IRQHandler
                0x080015e8                FSMC_IRQHandler
                0x080015e8                ETH_IRQHandler
                0x080015e8                OTG_HS_EP1_OUT_IRQHandler
                0x080015e8                WWDG_IRQHandler
                0x080015e8                TIM2_IRQHandler
                0x080015e8                OTG_FS_WKUP_IRQHandler
                0x080015e8                TIM1_TRG_COM_TIM11_IRQHandler
                0x080015e8                OTG_HS_IRQHandler
                0x080015e8                EXTI1_IRQHandler
                0x080015e8                USART2_IRQHandler
                0x080015e8                I2C2_ER_IRQHandler
                0x080015e8                DMA2_Stream1_IRQHandler
                0x080015e8                CAN1_SCE_IRQHandler
                0x080015e8                FLASH_IRQHandler
                0x080015e8                DMA2_Stream4_IRQHandler
                0x080015e8                USART1_IRQHandler
                0x080015e8                OTG_FS_IRQHandler
                0x080015e8                SPI3_IRQHandler
                0x080015e8                DMA1_Stream4_IRQHandler
                0x080015e8                I2C1_ER_IRQHandler
                0x080015e8                DMA1_Stream3_IRQHandler
 *fill*         0x080015ea        0x2 
 .text.HAL_Init
                0x080015ec       0x44 ./Drivers/STM32F4xx_HAL_Driver/Src/stm32f4xx_hal.o
                0x080015ec                HAL_Init
 .text.HAL_IncTick
                0x08001630       0x28 ./Drivers/STM32F4xx_HAL_Driver/Src/stm32f4xx_hal.o
                0x08001630                HAL_IncTick
 .text.HAL_GetTick
                0x08001658       0x18 ./Drivers/STM32F4xx_HAL_Driver/Src/stm32f4xx_hal.o
                0x08001658                HAL_GetTick
 .text.HAL_Delay
                0x08001670       0x48 ./Drivers/STM32F4xx_HAL_Driver/Src/stm32f4xx_hal.o
                0x08001670                HAL_Delay
 .text.HAL_ADC_Init
                0x080016b8       0x86 ./Drivers/STM32F4xx_HAL_Driver/Src/stm32f4xx_hal_adc.o
                0x080016b8                HAL_ADC_Init
 *fill*         0x0800173e        0x2 
 .text.HAL_ADC_Start
                0x08001740      0x1a4 ./Drivers/STM32F4xx_HAL_Driver/Src/stm32f4xx_hal_adc.o
                0x08001740                HAL_ADC_Start
 .text.HAL_ADC_Stop
                0x080018e4       0x66 ./Drivers/STM32F4xx_HAL_Driver/Src/stm32f4xx_hal_adc.o
                0x080018e4                HAL_ADC_Stop
 .text.HAL_ADC_PollForConversion
                0x0800194a      0x116 ./Drivers/STM32F4xx_HAL_Driver/Src/stm32f4xx_hal_adc.o
                0x0800194a                HAL_ADC_PollForConversion
 .text.HAL_ADC_GetValue
                0x08001a60       0x1a ./Drivers/STM32F4xx_HAL_Driver/Src/stm32f4xx_hal_adc.o
                0x08001a60                HAL_ADC_GetValue
 *fill*         0x08001a7a        0x2 
 .text.HAL_ADC_ConfigChannel
                0x08001a7c      0x244 ./Drivers/STM32F4xx_HAL_Driver/Src/stm32f4xx_hal_adc.o
                0x08001a7c                HAL_ADC_ConfigChannel
 .text.ADC_Init
                0x08001cc0      0x1f8 ./Drivers/STM32F4xx_HAL_Driver/Src/stm32f4xx_hal_adc.o
 .text.__NVIC_SetPriorityGrouping
                0x08001eb8       0x48 ./Drivers/STM32F4xx_HAL_Driver/Src/stm32f4xx_hal_cortex.o
 .text.__NVIC_GetPriorityGrouping
                0x08001f00       0x1c ./Drivers/STM32F4xx_HAL_Driver/Src/stm32f4xx_hal_cortex.o
 .text.__NVIC_EnableIRQ
                0x08001f1c       0x3c ./Drivers/STM32F4xx_HAL_Driver/Src/stm32f4xx_hal_cortex.o
 .text.__NVIC_DisableIRQ
                0x08001f58       0x48 ./Drivers/STM32F4xx_HAL_Driver/Src/stm32f4xx_hal_cortex.o
 .text.__NVIC_SetPriority
                0x08001fa0       0x54 ./Drivers/STM32F4xx_HAL_Driver/Src/stm32f4xx_hal_cortex.o
 .text.NVIC_EncodePriority
                0x08001ff4       0x66 ./Drivers/STM32F4xx_HAL_Driver/Src/stm32f4xx_hal_cortex.o
 .text.HAL_NVIC_SetPriorityGrouping
                0x0800205a       0x16 ./Drivers/STM32F4xx_HAL_Driver/Src/stm32f4xx_hal_cortex.o
                0x0800205a                HAL_NVIC_SetPriorityGrouping
 .text.HAL_NVIC_SetPriority
                0x08002070       0x38 ./Drivers/STM32F4xx_HAL_Driver/Src/stm32f4xx_hal_cortex.o
                0x08002070                HAL_NVIC_SetPriority
 .text.HAL_NVIC_EnableIRQ
                0x080020a8       0x1c ./Drivers/STM32F4xx_HAL_Driver/Src/stm32f4xx_hal_cortex.o
                0x080020a8                HAL_NVIC_EnableIRQ
 .text.HAL_NVIC_DisableIRQ
                0x080020c4       0x1c ./Drivers/STM32F4xx_HAL_Driver/Src/stm32f4xx_hal_cortex.o
                0x080020c4                HAL_NVIC_DisableIRQ
 .text.HAL_DMA_Init
                0x080020e0      0x15c ./Drivers/STM32F4xx_HAL_Driver/Src/stm32f4xx_hal_dma.o
                0x080020e0                HAL_DMA_Init
 .text.HAL_DMA_Start_IT
                0x0800223c       0xb0 ./Drivers/STM32F4xx_HAL_Driver/Src/stm32f4xx_hal_dma.o
                0x0800223c                HAL_DMA_Start_IT
 .text.HAL_DMA_Abort_IT
                0x080022ec       0x44 ./Drivers/STM32F4xx_HAL_Driver/Src/stm32f4xx_hal_dma.o
                0x080022ec                HAL_DMA_Abort_IT
 .text.HAL_DMA_IRQHandler
                0x08002330      0x314 ./Drivers/STM32F4xx_HAL_Driver/Src/stm32f4xx_hal_dma.o
                0x08002330                HAL_DMA_IRQHandler
 .text.HAL_DMA_GetError
                0x08002644       0x18 ./Drivers/STM32F4xx_HAL_Driver/Src/stm32f4xx_hal_dma.o
                0x08002644                HAL_DMA_GetError
 .text.DMA_SetConfig
                0x0800265c       0x5c ./Drivers/STM32F4xx_HAL_Driver/Src/stm32f4xx_hal_dma.o
 .text.DMA_CalcBaseAndBitshift
                0x080026b8       0x6c ./Drivers/STM32F4xx_HAL_Driver/Src/stm32f4xx_hal_dma.o
 .text.DMA_CheckFifoParam
                0x08002724       0xf8 ./Drivers/STM32F4xx_HAL_Driver/Src/stm32f4xx_hal_dma.o
 .text.HAL_GPIO_Init
                0x0800281c      0x338 ./Drivers/STM32F4xx_HAL_Driver/Src/stm32f4xx_hal_gpio.o
                0x0800281c                HAL_GPIO_Init
 .text.HAL_GPIO_ReadPin
                0x08002b54       0x30 ./Drivers/STM32F4xx_HAL_Driver/Src/stm32f4xx_hal_gpio.o
                0x08002b54                HAL_GPIO_ReadPin
 .text.HAL_GPIO_WritePin
                0x08002b84       0x32 ./Drivers/STM32F4xx_HAL_Driver/Src/stm32f4xx_hal_gpio.o
                0x08002b84                HAL_GPIO_WritePin
 .text.HAL_GPIO_TogglePin
                0x08002bb6       0x34 ./Drivers/STM32F4xx_HAL_Driver/Src/stm32f4xx_hal_gpio.o
                0x08002bb6                HAL_GPIO_TogglePin
 *fill*         0x08002bea        0x2 
 .text.HAL_GPIO_EXTI_IRQHandler
                0x08002bec       0x30 ./Drivers/STM32F4xx_HAL_Driver/Src/stm32f4xx_hal_gpio.o
                0x08002bec                HAL_GPIO_EXTI_IRQHandler
 .text.HAL_RCC_OscConfig
                0x08002c1c      0x4f0 ./Drivers/STM32F4xx_HAL_Driver/Src/stm32f4xx_hal_rcc.o
                0x08002c1c                HAL_RCC_OscConfig
 .text.HAL_RCC_ClockConfig
                0x0800310c      0x1cc ./Drivers/STM32F4xx_HAL_Driver/Src/stm32f4xx_hal_rcc.o
                0x0800310c                HAL_RCC_ClockConfig
 .text.HAL_RCC_GetSysClockFreq
                0x080032d8      0x20c ./Drivers/STM32F4xx_HAL_Driver/Src/stm32f4xx_hal_rcc.o
                0x080032d8                HAL_RCC_GetSysClockFreq
 .text.HAL_RCC_GetHCLKFreq
                0x080034e4       0x18 ./Drivers/STM32F4xx_HAL_Driver/Src/stm32f4xx_hal_rcc.o
                0x080034e4                HAL_RCC_GetHCLKFreq
 .text.HAL_RCC_GetPCLK1Freq
                0x080034fc       0x28 ./Drivers/STM32F4xx_HAL_Driver/Src/stm32f4xx_hal_rcc.o
                0x080034fc                HAL_RCC_GetPCLK1Freq
 .text.HAL_RCC_GetClockConfig
                0x08003524       0x64 ./Drivers/STM32F4xx_HAL_Driver/Src/stm32f4xx_hal_rcc.o
                0x08003524                HAL_RCC_GetClockConfig
 .text.HAL_RCCEx_PeriphCLKConfig
                0x08003588      0x1c4 ./Drivers/STM32F4xx_HAL_Driver/Src/stm32f4xx_hal_rcc_ex.o
                0x08003588                HAL_RCCEx_PeriphCLKConfig
 .text.HAL_RNG_Init
                0x0800374c       0x54 ./Drivers/STM32F4xx_HAL_Driver/Src/stm32f4xx_hal_rng.o
                0x0800374c                HAL_RNG_Init
 .text.HAL_RTC_Init
                0x080037a0      0x106 ./Drivers/STM32F4xx_HAL_Driver/Src/stm32f4xx_hal_rtc.o
                0x080037a0                HAL_RTC_Init
 .text.HAL_RTC_SetTime
                0x080038a6      0x134 ./Drivers/STM32F4xx_HAL_Driver/Src/stm32f4xx_hal_rtc.o
                0x080038a6                HAL_RTC_SetTime
 .text.HAL_RTC_GetTime
                0x080039da       0xbc ./Drivers/STM32F4xx_HAL_Driver/Src/stm32f4xx_hal_rtc.o
                0x080039da                HAL_RTC_GetTime
 .text.HAL_RTC_SetDate
                0x08003a96      0x108 ./Drivers/STM32F4xx_HAL_Driver/Src/stm32f4xx_hal_rtc.o
                0x08003a96                HAL_RTC_SetDate
 .text.HAL_RTC_GetDate
                0x08003b9e       0x9e ./Drivers/STM32F4xx_HAL_Driver/Src/stm32f4xx_hal_rtc.o
                0x08003b9e                HAL_RTC_GetDate
 .text.HAL_RTC_WaitForSynchro
                0x08003c3c       0x4c ./Drivers/STM32F4xx_HAL_Driver/Src/stm32f4xx_hal_rtc.o
                0x08003c3c                HAL_RTC_WaitForSynchro
 .text.RTC_EnterInitMode
                0x08003c88       0x6e ./Drivers/STM32F4xx_HAL_Driver/Src/stm32f4xx_hal_rtc.o
                0x08003c88                RTC_EnterInitMode
 .text.RTC_ExitInitMode
                0x08003cf6       0x4a ./Drivers/STM32F4xx_HAL_Driver/Src/stm32f4xx_hal_rtc.o
                0x08003cf6                RTC_ExitInitMode
 .text.RTC_ByteToBcd2
                0x08003d40       0x3c ./Drivers/STM32F4xx_HAL_Driver/Src/stm32f4xx_hal_rtc.o
                0x08003d40                RTC_ByteToBcd2
 .text.RTC_Bcd2ToByte
                0x08003d7c       0x3c ./Drivers/STM32F4xx_HAL_Driver/Src/stm32f4xx_hal_rtc.o
                0x08003d7c                RTC_Bcd2ToByte
 .text.HAL_SD_Init
                0x08003db8       0x60 ./Drivers/STM32F4xx_HAL_Driver/Src/stm32f4xx_hal_sd.o
                0x08003db8                HAL_SD_Init
 .text.HAL_SD_InitCard
                0x08003e18      0x100 ./Drivers/STM32F4xx_HAL_Driver/Src/stm32f4xx_hal_sd.o
                0x08003e18                HAL_SD_InitCard
 .text.HAL_SD_ReadBlocks_DMA
                0x08003f18      0x1c4 ./Drivers/STM32F4xx_HAL_Driver/Src/stm32f4xx_hal_sd.o
                0x08003f18                HAL_SD_ReadBlocks_DMA
 .text.HAL_SD_WriteBlocks_DMA
                0x080040dc      0x1cc ./Drivers/STM32F4xx_HAL_Driver/Src/stm32f4xx_hal_sd.o
                0x080040dc                HAL_SD_WriteBlocks_DMA
 .text.HAL_SD_IRQHandler
                0x080042a8      0x30c ./Drivers/STM32F4xx_HAL_Driver/Src/stm32f4xx_hal_sd.o
                0x080042a8                HAL_SD_IRQHandler
 .text.HAL_SD_ErrorCallback
                0x080045b4       0x14 ./Drivers/STM32F4xx_HAL_Driver/Src/stm32f4xx_hal_sd.o
                0x080045b4                HAL_SD_ErrorCallback
 .text.HAL_SD_GetCardCSD
                0x080045c8      0x348 ./Drivers/STM32F4xx_HAL_Driver/Src/stm32f4xx_hal_sd.o
                0x080045c8                HAL_SD_GetCardCSD
 .text.HAL_SD_GetCardInfo
                0x08004910       0x58 ./Drivers/STM32F4xx_HAL_Driver/Src/stm32f4xx_hal_sd.o
                0x08004910                HAL_SD_GetCardInfo
 .text.HAL_SD_GetCardState
                0x08004968       0x40 ./Drivers/STM32F4xx_HAL_Driver/Src/stm32f4xx_hal_sd.o
                0x08004968                HAL_SD_GetCardState
 .text.SD_DMATransmitCplt
                0x080049a8       0x2a ./Drivers/STM32F4xx_HAL_Driver/Src/stm32f4xx_hal_sd.o
 .text.SD_DMAReceiveCplt
                0x080049d2       0x70 ./Drivers/STM32F4xx_HAL_Driver/Src/stm32f4xx_hal_sd.o
 *fill*         0x08004a42        0x2 
 .text.SD_DMAError
                0x08004a44       0xa4 ./Drivers/STM32F4xx_HAL_Driver/Src/stm32f4xx_hal_sd.o
 .text.SD_DMATxAbort
                0x08004ae8       0x6e ./Drivers/STM32F4xx_HAL_Driver/Src/stm32f4xx_hal_sd.o
 .text.SD_DMARxAbort
                0x08004b56       0x6e ./Drivers/STM32F4xx_HAL_Driver/Src/stm32f4xx_hal_sd.o
 .text.SD_InitCard
                0x08004bc4      0x19c ./Drivers/STM32F4xx_HAL_Driver/Src/stm32f4xx_hal_sd.o
 .text.SD_PowerON
                0x08004d60      0x11c ./Drivers/STM32F4xx_HAL_Driver/Src/stm32f4xx_hal_sd.o
 .text.SD_SendStatus
                0x08004e7c       0x50 ./Drivers/STM32F4xx_HAL_Driver/Src/stm32f4xx_hal_sd.o
 .text.SD_Read_IT
                0x08004ecc       0xa2 ./Drivers/STM32F4xx_HAL_Driver/Src/stm32f4xx_hal_sd.o
 .text.SD_Write_IT
                0x08004f6e       0xaa ./Drivers/STM32F4xx_HAL_Driver/Src/stm32f4xx_hal_sd.o
 .text.HAL_TIM_Base_Init
                0x08005018       0x9e ./Drivers/STM32F4xx_HAL_Driver/Src/stm32f4xx_hal_tim.o
                0x08005018                HAL_TIM_Base_Init
 .text.HAL_TIM_Base_MspInit
                0x080050b6       0x14 ./Drivers/STM32F4xx_HAL_Driver/Src/stm32f4xx_hal_tim.o
                0x080050b6                HAL_TIM_Base_MspInit
 *fill*         0x080050ca        0x2 
 .text.HAL_TIM_Base_Start_IT
                0x080050cc       0xe0 ./Drivers/STM32F4xx_HAL_Driver/Src/stm32f4xx_hal_tim.o
                0x080050cc                HAL_TIM_Base_Start_IT
 .text.HAL_TIM_IRQHandler
                0x080051ac      0x1e0 ./Drivers/STM32F4xx_HAL_Driver/Src/stm32f4xx_hal_tim.o
                0x080051ac                HAL_TIM_IRQHandler
 .text.HAL_TIM_OC_DelayElapsedCallback
                0x0800538c       0x14 ./Drivers/STM32F4xx_HAL_Driver/Src/stm32f4xx_hal_tim.o
                0x0800538c                HAL_TIM_OC_DelayElapsedCallback
 .text.HAL_TIM_IC_CaptureCallback
                0x080053a0       0x14 ./Drivers/STM32F4xx_HAL_Driver/Src/stm32f4xx_hal_tim.o
                0x080053a0                HAL_TIM_IC_CaptureCallback
 .text.HAL_TIM_PWM_PulseFinishedCallback
                0x080053b4       0x14 ./Drivers/STM32F4xx_HAL_Driver/Src/stm32f4xx_hal_tim.o
                0x080053b4                HAL_TIM_PWM_PulseFinishedCallback
 .text.HAL_TIM_TriggerCallback
                0x080053c8       0x14 ./Drivers/STM32F4xx_HAL_Driver/Src/stm32f4xx_hal_tim.o
                0x080053c8                HAL_TIM_TriggerCallback
 .text.TIM_Base_SetConfig
                0x080053dc      0x158 ./Drivers/STM32F4xx_HAL_Driver/Src/stm32f4xx_hal_tim.o
                0x080053dc                TIM_Base_SetConfig
 .text.HAL_TIMEx_CommutCallback
                0x08005534       0x14 ./Drivers/STM32F4xx_HAL_Driver/Src/stm32f4xx_hal_tim_ex.o
                0x08005534                HAL_TIMEx_CommutCallback
 .text.HAL_TIMEx_BreakCallback
                0x08005548       0x14 ./Drivers/STM32F4xx_HAL_Driver/Src/stm32f4xx_hal_tim_ex.o
                0x08005548                HAL_TIMEx_BreakCallback
 .text.SDIO_Init
                0x0800555c       0x56 ./Drivers/STM32F4xx_HAL_Driver/Src/stm32f4xx_ll_sdmmc.o
                0x0800555c                SDIO_Init
 .text.SDIO_ReadFIFO
                0x080055b2       0x1a ./Drivers/STM32F4xx_HAL_Driver/Src/stm32f4xx_ll_sdmmc.o
                0x080055b2                SDIO_ReadFIFO
 .text.SDIO_WriteFIFO
                0x080055cc       0x22 ./Drivers/STM32F4xx_HAL_Driver/Src/stm32f4xx_ll_sdmmc.o
                0x080055cc                SDIO_WriteFIFO
 .text.SDIO_PowerState_ON
                0x080055ee       0x1c ./Drivers/STM32F4xx_HAL_Driver/Src/stm32f4xx_ll_sdmmc.o
                0x080055ee                SDIO_PowerState_ON
 .text.SDIO_GetPowerState
                0x0800560a       0x1c ./Drivers/STM32F4xx_HAL_Driver/Src/stm32f4xx_ll_sdmmc.o
                0x0800560a                SDIO_GetPowerState
 .text.SDIO_SendCommand
                0x08005626       0x54 ./Drivers/STM32F4xx_HAL_Driver/Src/stm32f4xx_ll_sdmmc.o
                0x08005626                SDIO_SendCommand
 .text.SDIO_GetCommandResponse
                0x0800567a       0x1a ./Drivers/STM32F4xx_HAL_Driver/Src/stm32f4xx_ll_sdmmc.o
                0x0800567a                SDIO_GetCommandResponse
 .text.SDIO_GetResponse
                0x08005694       0x26 ./Drivers/STM32F4xx_HAL_Driver/Src/stm32f4xx_ll_sdmmc.o
                0x08005694                SDIO_GetResponse
 .text.SDIO_ConfigData
                0x080056ba       0x58 ./Drivers/STM32F4xx_HAL_Driver/Src/stm32f4xx_ll_sdmmc.o
                0x080056ba                SDIO_ConfigData
 .text.SDMMC_CmdBlockLength
                0x08005712       0x44 ./Drivers/STM32F4xx_HAL_Driver/Src/stm32f4xx_ll_sdmmc.o
                0x08005712                SDMMC_CmdBlockLength
 .text.SDMMC_CmdReadSingleBlock
                0x08005756       0x44 ./Drivers/STM32F4xx_HAL_Driver/Src/stm32f4xx_ll_sdmmc.o
                0x08005756                SDMMC_CmdReadSingleBlock
 .text.SDMMC_CmdReadMultiBlock
                0x0800579a       0x44 ./Drivers/STM32F4xx_HAL_Driver/Src/stm32f4xx_ll_sdmmc.o
                0x0800579a                SDMMC_CmdReadMultiBlock
 .text.SDMMC_CmdWriteSingleBlock
                0x080057de       0x44 ./Drivers/STM32F4xx_HAL_Driver/Src/stm32f4xx_ll_sdmmc.o
                0x080057de                SDMMC_CmdWriteSingleBlock
 .text.SDMMC_CmdWriteMultiBlock
                0x08005822       0x44 ./Drivers/STM32F4xx_HAL_Driver/Src/stm32f4xx_ll_sdmmc.o
                0x08005822                SDMMC_CmdWriteMultiBlock
 *fill*         0x08005866        0x2 
 .text.SDMMC_CmdStopTransfer
                0x08005868       0x44 ./Drivers/STM32F4xx_HAL_Driver/Src/stm32f4xx_ll_sdmmc.o
                0x08005868                SDMMC_CmdStopTransfer
 .text.SDMMC_CmdSelDesel
                0x080058ac       0x46 ./Drivers/STM32F4xx_HAL_Driver/Src/stm32f4xx_ll_sdmmc.o
                0x080058ac                SDMMC_CmdSelDesel
 .text.SDMMC_CmdGoIdleState
                0x080058f2       0x3c ./Drivers/STM32F4xx_HAL_Driver/Src/stm32f4xx_ll_sdmmc.o
                0x080058f2                SDMMC_CmdGoIdleState
 .text.SDMMC_CmdOperCond
                0x0800592e       0x3e ./Drivers/STM32F4xx_HAL_Driver/Src/stm32f4xx_ll_sdmmc.o
                0x0800592e                SDMMC_CmdOperCond
 .text.SDMMC_CmdAppCommand
                0x0800596c       0x44 ./Drivers/STM32F4xx_HAL_Driver/Src/stm32f4xx_ll_sdmmc.o
                0x0800596c                SDMMC_CmdAppCommand
 .text.SDMMC_CmdAppOperCommand
                0x080059b0       0x46 ./Drivers/STM32F4xx_HAL_Driver/Src/stm32f4xx_ll_sdmmc.o
                0x080059b0                SDMMC_CmdAppOperCommand
 .text.SDMMC_CmdSendCID
                0x080059f6       0x3c ./Drivers/STM32F4xx_HAL_Driver/Src/stm32f4xx_ll_sdmmc.o
                0x080059f6                SDMMC_CmdSendCID
 .text.SDMMC_CmdSendCSD
                0x08005a32       0x3e ./Drivers/STM32F4xx_HAL_Driver/Src/stm32f4xx_ll_sdmmc.o
                0x08005a32                SDMMC_CmdSendCSD
 .text.SDMMC_CmdSetRelAdd
                0x08005a70       0x42 ./Drivers/STM32F4xx_HAL_Driver/Src/stm32f4xx_ll_sdmmc.o
                0x08005a70                SDMMC_CmdSetRelAdd
 .text.SDMMC_CmdSendStatus
                0x08005ab2       0x44 ./Drivers/STM32F4xx_HAL_Driver/Src/stm32f4xx_ll_sdmmc.o
                0x08005ab2                SDMMC_CmdSendStatus
 *fill*         0x08005af6        0x2 
 .text.SDMMC_GetCmdResp1
                0x08005af8      0x1dc ./Drivers/STM32F4xx_HAL_Driver/Src/stm32f4xx_ll_sdmmc.o
                0x08005af8                SDMMC_GetCmdResp1
 .text.SDMMC_GetCmdResp2
                0x08005cd4       0x90 ./Drivers/STM32F4xx_HAL_Driver/Src/stm32f4xx_ll_sdmmc.o
                0x08005cd4                SDMMC_GetCmdResp2
 .text.SDMMC_GetCmdResp3
                0x08005d64       0x7c ./Drivers/STM32F4xx_HAL_Driver/Src/stm32f4xx_ll_sdmmc.o
                0x08005d64                SDMMC_GetCmdResp3
 .text.SDMMC_GetCmdResp6
                0x08005de0       0xec ./Drivers/STM32F4xx_HAL_Driver/Src/stm32f4xx_ll_sdmmc.o
                0x08005de0                SDMMC_GetCmdResp6
 .text.SDMMC_GetCmdResp7
                0x08005ecc       0x9c ./Drivers/STM32F4xx_HAL_Driver/Src/stm32f4xx_ll_sdmmc.o
                0x08005ecc                SDMMC_GetCmdResp7
 .text.SDMMC_GetCmdError
                0x08005f68       0x58 ./Drivers/STM32F4xx_HAL_Driver/Src/stm32f4xx_ll_sdmmc.o
 .text.MX_FATFS_Init
                0x08005fc0       0x24 ./FATFS/App/fatfs.o
                0x08005fc0                MX_FATFS_Init
 .text.get_fattime
                0x08005fe4       0x10 ./FATFS/App/fatfs.o
                0x08005fe4                get_fattime
 .text.BSP_SD_Init
                0x08005ff4       0x30 ./FATFS/Target/bsp_driver_sd.o
                0x08005ff4                BSP_SD_Init
 .text.BSP_SD_ReadBlocks_DMA
                0x08006024       0x34 ./FATFS/Target/bsp_driver_sd.o
                0x08006024                BSP_SD_ReadBlocks_DMA
 .text.BSP_SD_WriteBlocks_DMA
                0x08006058       0x34 ./FATFS/Target/bsp_driver_sd.o
                0x08006058                BSP_SD_WriteBlocks_DMA
 .text.BSP_SD_GetCardState
                0x0800608c       0x20 ./FATFS/Target/bsp_driver_sd.o
                0x0800608c                BSP_SD_GetCardState
 .text.BSP_SD_GetCardInfo
                0x080060ac       0x1c ./FATFS/Target/bsp_driver_sd.o
                0x080060ac                BSP_SD_GetCardInfo
 .text.HAL_SD_AbortCallback
                0x080060c8       0x14 ./FATFS/Target/bsp_driver_sd.o
                0x080060c8                HAL_SD_AbortCallback
 .text.HAL_SD_TxCpltCallback
                0x080060dc       0x14 ./FATFS/Target/bsp_driver_sd.o
                0x080060dc                HAL_SD_TxCpltCallback
 .text.HAL_SD_RxCpltCallback
                0x080060f0       0x14 ./FATFS/Target/bsp_driver_sd.o
                0x080060f0                HAL_SD_RxCpltCallback
 .text.BSP_SD_AbortCallback
                0x08006104        0xe ./FATFS/Target/bsp_driver_sd.o
                0x08006104                BSP_SD_AbortCallback
 .text.BSP_SD_IsDetected
                0x08006112       0x24 ./FATFS/Target/bsp_driver_sd.o
                0x08006112                BSP_SD_IsDetected
 *fill*         0x08006136        0x2 
 .text.BSP_PlatformIsDetected
                0x08006138       0x2c ./FATFS/Target/fatfs_platform.o
                0x08006138                BSP_PlatformIsDetected
 .text.SD_CheckStatusWithTimeout
                0x08006164       0x3a ./FATFS/Target/sd_diskio.o
 *fill*         0x0800619e        0x2 
 .text.SD_CheckStatus
                0x080061a0       0x3c ./FATFS/Target/sd_diskio.o
 .text.SD_initialize
                0x080061dc       0x38 ./FATFS/Target/sd_diskio.o
                0x080061dc                SD_initialize
 .text.SD_status
                0x08006214       0x1c ./FATFS/Target/sd_diskio.o
                0x08006214                SD_status
 .text.SD_read  0x08006230       0xac ./FATFS/Target/sd_diskio.o
                0x08006230                SD_read
 .text.SD_write
                0x080062dc       0xac ./FATFS/Target/sd_diskio.o
                0x080062dc                SD_write
 .text.SD_ioctl
                0x08006388       0xb0 ./FATFS/Target/sd_diskio.o
                0x08006388                SD_ioctl
 .text.BSP_SD_WriteCpltCallback
                0x08006438       0x18 ./FATFS/Target/sd_diskio.o
                0x08006438                BSP_SD_WriteCpltCallback
 .text.BSP_SD_ReadCpltCallback
                0x08006450       0x18 ./FATFS/Target/sd_diskio.o
                0x08006450                BSP_SD_ReadCpltCallback
 .text.disk_status
                0x08006468       0x34 ./Middlewares/Third_Party/FatFs/src/diskio.o
                0x08006468                disk_status
 .text.disk_initialize
                0x0800649c       0x50 ./Middlewares/Third_Party/FatFs/src/diskio.o
                0x0800649c                disk_initialize
 .text.disk_read
                0x080064ec       0x40 ./Middlewares/Third_Party/FatFs/src/diskio.o
                0x080064ec                disk_read
 .text.disk_write
                0x0800652c       0x40 ./Middlewares/Third_Party/FatFs/src/diskio.o
                0x0800652c                disk_write
 .text.disk_ioctl
                0x0800656c       0x3c ./Middlewares/Third_Party/FatFs/src/diskio.o
                0x0800656c                disk_ioctl
 .text.ld_word  0x080065a8       0x32 ./Middlewares/Third_Party/FatFs/src/ff.o
 .text.ld_dword
                0x080065da       0x46 ./Middlewares/Third_Party/FatFs/src/ff.o
 .text.st_word  0x08006620       0x36 ./Middlewares/Third_Party/FatFs/src/ff.o
 .text.st_dword
                0x08006656       0x58 ./Middlewares/Third_Party/FatFs/src/ff.o
 .text.mem_cpy  0x080066ae       0x42 ./Middlewares/Third_Party/FatFs/src/ff.o
 .text.mem_set  0x080066f0       0x36 ./Middlewares/Third_Party/FatFs/src/ff.o
 .text.mem_cmp  0x08006726       0x4e ./Middlewares/Third_Party/FatFs/src/ff.o
 .text.chk_chr  0x08006774       0x36 ./Middlewares/Third_Party/FatFs/src/ff.o
 *fill*         0x080067aa        0x2 
 .text.chk_lock
                0x080067ac       0xb8 ./Middlewares/Third_Party/FatFs/src/ff.o
 .text.enq_lock
                0x08006864       0x44 ./Middlewares/Third_Party/FatFs/src/ff.o
 .text.inc_lock
                0x080068a8      0x11c ./Middlewares/Third_Party/FatFs/src/ff.o
 .text.dec_lock
                0x080069c4       0x78 ./Middlewares/Third_Party/FatFs/src/ff.o
 .text.clear_lock
                0x08006a3c       0x48 ./Middlewares/Third_Party/FatFs/src/ff.o
 .text.sync_window
                0x08006a84       0x88 ./Middlewares/Third_Party/FatFs/src/ff.o
 .text.move_window
                0x08006b0c       0x5a ./Middlewares/Third_Party/FatFs/src/ff.o
 *fill*         0x08006b66        0x2 
 .text.sync_fs  0x08006b68       0xdc ./Middlewares/Third_Party/FatFs/src/ff.o
 .text.clust2sect
                0x08006c44       0x3e ./Middlewares/Third_Party/FatFs/src/ff.o
 .text.get_fat  0x08006c82      0x14e ./Middlewares/Third_Party/FatFs/src/ff.o
 .text.put_fat  0x08006dd0      0x1d4 ./Middlewares/Third_Party/FatFs/src/ff.o
 .text.remove_chain
                0x08006fa4       0xca ./Middlewares/Third_Party/FatFs/src/ff.o
 .text.create_chain
                0x0800706e      0x130 ./Middlewares/Third_Party/FatFs/src/ff.o
 .text.clmt_clust
                0x0800719e       0x68 ./Middlewares/Third_Party/FatFs/src/ff.o
 .text.dir_sdi  0x08007206       0xf6 ./Middlewares/Third_Party/FatFs/src/ff.o
 .text.dir_next
                0x080072fc      0x18a ./Middlewares/Third_Party/FatFs/src/ff.o
 .text.dir_alloc
                0x08007486       0x8e ./Middlewares/Third_Party/FatFs/src/ff.o
 .text.ld_clust
                0x08007514       0x3e ./Middlewares/Third_Party/FatFs/src/ff.o
 .text.st_clust
                0x08007552       0x40 ./Middlewares/Third_Party/FatFs/src/ff.o
 *fill*         0x08007592        0x2 
 .text.cmp_lfn  0x08007594       0xe0 ./Middlewares/Third_Party/FatFs/src/ff.o
 .text.put_lfn  0x08007674       0xd0 ./Middlewares/Third_Party/FatFs/src/ff.o
 .text.gen_numname
                0x08007744      0x11c ./Middlewares/Third_Party/FatFs/src/ff.o
 .text.sum_sfn  0x08007860       0x42 ./Middlewares/Third_Party/FatFs/src/ff.o
 .text.dir_find
                0x080078a2      0x180 ./Middlewares/Third_Party/FatFs/src/ff.o
 *fill*         0x08007a22        0x2 
 .text.dir_register
                0x08007a24      0x1f0 ./Middlewares/Third_Party/FatFs/src/ff.o
 .text.create_name
                0x08007c14      0x370 ./Middlewares/Third_Party/FatFs/src/ff.o
 .text.follow_path
                0x08007f84       0xe2 ./Middlewares/Third_Party/FatFs/src/ff.o
 .text.get_ldnumber
                0x08008066       0x88 ./Middlewares/Third_Party/FatFs/src/ff.o
 *fill*         0x080080ee        0x2 
 .text.check_fs
                0x080080f0       0xac ./Middlewares/Third_Party/FatFs/src/ff.o
 .text.find_volume
                0x0800819c      0x498 ./Middlewares/Third_Party/FatFs/src/ff.o
 .text.validate
                0x08008634       0x6a ./Middlewares/Third_Party/FatFs/src/ff.o
 *fill*         0x0800869e        0x2 
 .text.f_mount  0x080086a0       0x8c ./Middlewares/Third_Party/FatFs/src/ff.o
                0x080086a0                f_mount
 .text.f_open   0x0800872c      0x394 ./Middlewares/Third_Party/FatFs/src/ff.o
                0x0800872c                f_open
 .text.f_write  0x08008ac0      0x2ea ./Middlewares/Third_Party/FatFs/src/ff.o
                0x08008ac0                f_write
 .text.f_sync   0x08008daa       0xfc ./Middlewares/Third_Party/FatFs/src/ff.o
                0x08008daa                f_sync
 .text.f_close  0x08008ea6       0x54 ./Middlewares/Third_Party/FatFs/src/ff.o
                0x08008ea6                f_close
 *fill*         0x08008efa        0x2 
 .text.FATFS_LinkDriverEx
                0x08008efc       0x98 ./Middlewares/Third_Party/FatFs/src/ff_gen_drv.o
                0x08008efc                FATFS_LinkDriverEx
 .text.FATFS_LinkDriver
                0x08008f94       0x1e ./Middlewares/Third_Party/FatFs/src/ff_gen_drv.o
                0x08008f94                FATFS_LinkDriver
 *fill*         0x08008fb2        0x2 
 .text.ff_convert
                0x08008fb4       0x78 ./Middlewares/Third_Party/FatFs/src/option/ccsbcs.o
                0x08008fb4                ff_convert
 .text.ff_wtoupper
                0x0800902c      0x114 ./Middlewares/Third_Party/FatFs/src/option/ccsbcs.o
                0x0800902c                ff_wtoupper
 .text.ff_memalloc
                0x08009140       0x18 ./Middlewares/Third_Party/FatFs/src/option/syscall.o
                0x08009140                ff_memalloc
 .text.ff_memfree
                0x08009158       0x16 ./Middlewares/Third_Party/FatFs/src/option/syscall.o
                0x08009158                ff_memfree
 *fill*         0x0800916e        0x2 
 .text.__NVIC_SetPriority
                0x08009170       0x54 ./Middlewares/Third_Party/FreeRTOS/Source/CMSIS_RTOS_V2/cmsis_os2.o
 .text.SysTick_Handler
                0x080091c4       0x20 ./Middlewares/Third_Party/FreeRTOS/Source/CMSIS_RTOS_V2/cmsis_os2.o
                0x080091c4                SysTick_Handler
 .text.SVC_Setup
                0x080091e4       0x12 ./Middlewares/Third_Party/FreeRTOS/Source/CMSIS_RTOS_V2/cmsis_os2.o
 *fill*         0x080091f6        0x2 
 .text.osKernelInitialize
                0x080091f8       0x48 ./Middlewares/Third_Party/FreeRTOS/Source/CMSIS_RTOS_V2/cmsis_os2.o
                0x080091f8                osKernelInitialize
 .text.osKernelStart
                0x08009240       0x4c ./Middlewares/Third_Party/FreeRTOS/Source/CMSIS_RTOS_V2/cmsis_os2.o
                0x08009240                osKernelStart
 .text.osThreadNew
                0x0800928c      0x124 ./Middlewares/Third_Party/FreeRTOS/Source/CMSIS_RTOS_V2/cmsis_os2.o
                0x0800928c                osThreadNew
 .text.osDelay  0x080093b0       0x36 ./Middlewares/Third_Party/FreeRTOS/Source/CMSIS_RTOS_V2/cmsis_os2.o
                0x080093b0                osDelay
 .text.osSemaphoreNew
                0x080093e6      0x112 ./Middlewares/Third_Party/FreeRTOS/Source/CMSIS_RTOS_V2/cmsis_os2.o
                0x080093e6                osSemaphoreNew
 .text.osSemaphoreAcquire
                0x080094f8       0xa4 ./Middlewares/Third_Party/FreeRTOS/Source/CMSIS_RTOS_V2/cmsis_os2.o
                0x080094f8                osSemaphoreAcquire
 .text.osSemaphoreRelease
                0x0800959c       0x88 ./Middlewares/Third_Party/FreeRTOS/Source/CMSIS_RTOS_V2/cmsis_os2.o
                0x0800959c                osSemaphoreRelease
 .text.osMessageQueueNew
                0x08009624       0xe6 ./Middlewares/Third_Party/FreeRTOS/Source/CMSIS_RTOS_V2/cmsis_os2.o
                0x08009624                osMessageQueueNew
 *fill*         0x0800970a        0x2 
 .text.osMessageQueuePut
                0x0800970c       0xc0 ./Middlewares/Third_Party/FreeRTOS/Source/CMSIS_RTOS_V2/cmsis_os2.o
                0x0800970c                osMessageQueuePut
 .text.osMessageQueueGet
                0x080097cc       0xbc ./Middlewares/Third_Party/FreeRTOS/Source/CMSIS_RTOS_V2/cmsis_os2.o
                0x080097cc                osMessageQueueGet
 .text.vApplicationGetIdleTaskMemory
                0x08009888       0x34 ./Middlewares/Third_Party/FreeRTOS/Source/CMSIS_RTOS_V2/cmsis_os2.o
                0x08009888                vApplicationGetIdleTaskMemory
 .text.vApplicationGetTimerTaskMemory
                0x080098bc       0x34 ./Middlewares/Third_Party/FreeRTOS/Source/CMSIS_RTOS_V2/cmsis_os2.o
                0x080098bc                vApplicationGetTimerTaskMemory
 .text.vListInitialise
                0x080098f0       0x40 ./Middlewares/Third_Party/FreeRTOS/Source/list.o
                0x080098f0                vListInitialise
 .text.vListInitialiseItem
                0x08009930       0x1a ./Middlewares/Third_Party/FreeRTOS/Source/list.o
                0x08009930                vListInitialiseItem
 .text.vListInsertEnd
                0x0800994a       0x48 ./Middlewares/Third_Party/FreeRTOS/Source/list.o
                0x0800994a                vListInsertEnd
 .text.vListInsert
                0x08009992       0x72 ./Middlewares/Third_Party/FreeRTOS/Source/list.o
                0x08009992                vListInsert
 .text.uxListRemove
                0x08009a04       0x54 ./Middlewares/Third_Party/FreeRTOS/Source/list.o
                0x08009a04                uxListRemove
 .text.xQueueGenericReset
                0x08009a58       0xd4 ./Middlewares/Third_Party/FreeRTOS/Source/queue.o
                0x08009a58                xQueueGenericReset
 .text.xQueueGenericCreateStatic
                0x08009b2c       0xfa ./Middlewares/Third_Party/FreeRTOS/Source/queue.o
                0x08009b2c                xQueueGenericCreateStatic
 .text.xQueueGenericCreate
                0x08009c26       0x76 ./Middlewares/Third_Party/FreeRTOS/Source/queue.o
                0x08009c26                xQueueGenericCreate
 .text.prvInitialiseNewQueue
                0x08009c9c       0x46 ./Middlewares/Third_Party/FreeRTOS/Source/queue.o
 .text.xQueueCreateCountingSemaphoreStatic
                0x08009ce2       0x72 ./Middlewares/Third_Party/FreeRTOS/Source/queue.o
                0x08009ce2                xQueueCreateCountingSemaphoreStatic
 .text.xQueueCreateCountingSemaphore
                0x08009d54       0x6a ./Middlewares/Third_Party/FreeRTOS/Source/queue.o
                0x08009d54                xQueueCreateCountingSemaphore
 *fill*         0x08009dbe        0x2 
 .text.xQueueGenericSend
                0x08009dc0      0x204 ./Middlewares/Third_Party/FreeRTOS/Source/queue.o
                0x08009dc0                xQueueGenericSend
 .text.xQueueGenericSendFromISR
                0x08009fc4      0x13c ./Middlewares/Third_Party/FreeRTOS/Source/queue.o
                0x08009fc4                xQueueGenericSendFromISR
 .text.xQueueGiveFromISR
                0x0800a100      0x120 ./Middlewares/Third_Party/FreeRTOS/Source/queue.o
                0x0800a100                xQueueGiveFromISR
 .text.xQueueReceive
                0x0800a220      0x1c4 ./Middlewares/Third_Party/FreeRTOS/Source/queue.o
                0x0800a220                xQueueReceive
 .text.xQueueSemaphoreTake
                0x0800a3e4      0x220 ./Middlewares/Third_Party/FreeRTOS/Source/queue.o
                0x0800a3e4                xQueueSemaphoreTake
 .text.xQueueReceiveFromISR
                0x0800a604      0x104 ./Middlewares/Third_Party/FreeRTOS/Source/queue.o
                0x0800a604                xQueueReceiveFromISR
 .text.vQueueDelete
                0x0800a708       0x48 ./Middlewares/Third_Party/FreeRTOS/Source/queue.o
                0x0800a708                vQueueDelete
 .text.prvGetDisinheritPriorityAfterTimeout
                0x0800a750       0x30 ./Middlewares/Third_Party/FreeRTOS/Source/queue.o
 .text.prvCopyDataToQueue
                0x0800a780       0xd4 ./Middlewares/Third_Party/FreeRTOS/Source/queue.o
 .text.prvCopyDataFromQueue
                0x0800a854       0x4c ./Middlewares/Third_Party/FreeRTOS/Source/queue.o
 .text.prvUnlockQueue
                0x0800a8a0       0xa4 ./Middlewares/Third_Party/FreeRTOS/Source/queue.o
 .text.prvIsQueueEmpty
                0x0800a944       0x2c ./Middlewares/Third_Party/FreeRTOS/Source/queue.o
 .text.prvIsQueueFull
                0x0800a970       0x30 ./Middlewares/Third_Party/FreeRTOS/Source/queue.o
 .text.vQueueAddToRegistry
                0x0800a9a0       0x54 ./Middlewares/Third_Party/FreeRTOS/Source/queue.o
                0x0800a9a0                vQueueAddToRegistry
 .text.vQueueUnregisterQueue
                0x0800a9f4       0x54 ./Middlewares/Third_Party/FreeRTOS/Source/queue.o
                0x0800a9f4                vQueueUnregisterQueue
 .text.vQueueWaitForMessageRestricted
                0x0800aa48       0x68 ./Middlewares/Third_Party/FreeRTOS/Source/queue.o
                0x0800aa48                vQueueWaitForMessageRestricted
 .text.xTaskCreateStatic
                0x0800aab0       0xc0 ./Middlewares/Third_Party/FreeRTOS/Source/tasks.o
                0x0800aab0                xTaskCreateStatic
 .text.xTaskCreate
                0x0800ab70       0x8a ./Middlewares/Third_Party/FreeRTOS/Source/tasks.o
                0x0800ab70                xTaskCreate
 *fill*         0x0800abfa        0x2 
 .text.prvInitialiseNewTask
                0x0800abfc      0x150 ./Middlewares/Third_Party/FreeRTOS/Source/tasks.o
 .text.prvAddNewTaskToReadyList
                0x0800ad4c       0xe0 ./Middlewares/Third_Party/FreeRTOS/Source/tasks.o
 .text.vTaskDelay
                0x0800ae2c       0x6c ./Middlewares/Third_Party/FreeRTOS/Source/tasks.o
                0x0800ae2c                vTaskDelay
 .text.vTaskStartScheduler
                0x0800ae98       0xe0 ./Middlewares/Third_Party/FreeRTOS/Source/tasks.o
                0x0800ae98                vTaskStartScheduler
 .text.vTaskSuspendAll
                0x0800af78       0x1c ./Middlewares/Third_Party/FreeRTOS/Source/tasks.o
                0x0800af78                vTaskSuspendAll
 .text.xTaskResumeAll
                0x0800af94      0x13c ./Middlewares/Third_Party/FreeRTOS/Source/tasks.o
                0x0800af94                xTaskResumeAll
 .text.xTaskGetTickCount
                0x0800b0d0       0x20 ./Middlewares/Third_Party/FreeRTOS/Source/tasks.o
                0x0800b0d0                xTaskGetTickCount
 .text.xTaskIncrementTick
                0x0800b0f0      0x174 ./Middlewares/Third_Party/FreeRTOS/Source/tasks.o
                0x0800b0f0                xTaskIncrementTick
 .text.vTaskSwitchContext
                0x0800b264       0xcc ./Middlewares/Third_Party/FreeRTOS/Source/tasks.o
                0x0800b264                vTaskSwitchContext
 .text.vTaskPlaceOnEventList
                0x0800b330       0x4c ./Middlewares/Third_Party/FreeRTOS/Source/tasks.o
                0x0800b330                vTaskPlaceOnEventList
 .text.vTaskPlaceOnEventListRestricted
                0x0800b37c       0x58 ./Middlewares/Third_Party/FreeRTOS/Source/tasks.o
                0x0800b37c                vTaskPlaceOnEventListRestricted
 .text.xTaskRemoveFromEventList
                0x0800b3d4       0xc8 ./Middlewares/Third_Party/FreeRTOS/Source/tasks.o
                0x0800b3d4                xTaskRemoveFromEventList
 .text.vTaskInternalSetTimeOutState
                0x0800b49c       0x2c ./Middlewares/Third_Party/FreeRTOS/Source/tasks.o
                0x0800b49c                vTaskInternalSetTimeOutState
 .text.xTaskCheckForTimeOut
                0x0800b4c8       0xc8 ./Middlewares/Third_Party/FreeRTOS/Source/tasks.o
                0x0800b4c8                xTaskCheckForTimeOut
 .text.vTaskMissedYield
                0x0800b590       0x18 ./Middlewares/Third_Party/FreeRTOS/Source/tasks.o
                0x0800b590                vTaskMissedYield
 .text.prvIdleTask
                0x0800b5a8       0x30 ./Middlewares/Third_Party/FreeRTOS/Source/tasks.o
 .text.prvInitialiseTaskLists
                0x0800b5d8       0x80 ./Middlewares/Third_Party/FreeRTOS/Source/tasks.o
 .text.prvCheckTasksWaitingTermination
                0x0800b658       0x5c ./Middlewares/Third_Party/FreeRTOS/Source/tasks.o
 .text.prvDeleteTCB
                0x0800b6b4       0x6a ./Middlewares/Third_Party/FreeRTOS/Source/tasks.o
 *fill*         0x0800b71e        0x2 
 .text.prvResetNextTaskUnblockTime
                0x0800b720       0x40 ./Middlewares/Third_Party/FreeRTOS/Source/tasks.o
 .text.xTaskGetSchedulerState
                0x0800b760       0x3c ./Middlewares/Third_Party/FreeRTOS/Source/tasks.o
                0x0800b760                xTaskGetSchedulerState
 .text.xTaskPriorityInherit
                0x0800b79c       0xd0 ./Middlewares/Third_Party/FreeRTOS/Source/tasks.o
                0x0800b79c                xTaskPriorityInherit
 .text.xTaskPriorityDisinherit
                0x0800b86c       0xe0 ./Middlewares/Third_Party/FreeRTOS/Source/tasks.o
                0x0800b86c                xTaskPriorityDisinherit
 .text.vTaskPriorityDisinheritAfterTimeout
                0x0800b94c      0x108 ./Middlewares/Third_Party/FreeRTOS/Source/tasks.o
                0x0800b94c                vTaskPriorityDisinheritAfterTimeout
 .text.pvTaskIncrementMutexHeldCount
                0x0800ba54       0x28 ./Middlewares/Third_Party/FreeRTOS/Source/tasks.o
                0x0800ba54                pvTaskIncrementMutexHeldCount
 .text.prvAddCurrentTaskToDelayedList
                0x0800ba7c       0xa8 ./Middlewares/Third_Party/FreeRTOS/Source/tasks.o
 .text.xTimerCreateTimerTask
                0x0800bb24       0x94 ./Middlewares/Third_Party/FreeRTOS/Source/timers.o
                0x0800bb24                xTimerCreateTimerTask
 .text.xTimerGenericCommand
                0x0800bbb8       0x9c ./Middlewares/Third_Party/FreeRTOS/Source/timers.o
                0x0800bbb8                xTimerGenericCommand
 .text.prvProcessExpiredTimer
                0x0800bc54       0x9c ./Middlewares/Third_Party/FreeRTOS/Source/timers.o
 .text.prvTimerTask
                0x0800bcf0       0x26 ./Middlewares/Third_Party/FreeRTOS/Source/timers.o
 *fill*         0x0800bd16        0x2 
 .text.prvProcessTimerOrBlockTask
                0x0800bd18       0x9c ./Middlewares/Third_Party/FreeRTOS/Source/timers.o
 .text.prvGetNextExpireTime
                0x0800bdb4       0x48 ./Middlewares/Third_Party/FreeRTOS/Source/timers.o
 .text.prvSampleTimeNow
                0x0800bdfc       0x40 ./Middlewares/Third_Party/FreeRTOS/Source/timers.o
 .text.prvInsertTimerInActiveList
                0x0800be3c       0x84 ./Middlewares/Third_Party/FreeRTOS/Source/timers.o
 .text.prvProcessReceivedCommands
                0x0800bec0      0x1cc ./Middlewares/Third_Party/FreeRTOS/Source/timers.o
 .text.prvSwitchTimerLists
                0x0800c08c       0xcc ./Middlewares/Third_Party/FreeRTOS/Source/timers.o
 .text.prvCheckForValidListAndQueue
                0x0800c158       0x80 ./Middlewares/Third_Party/FreeRTOS/Source/timers.o
 .text.pxPortInitialiseStack
                0x0800c1d8       0x68 ./Middlewares/Third_Party/FreeRTOS/Source/portable/GCC/ARM_CM4F/port.o
                0x0800c1d8                pxPortInitialiseStack
 .text.prvTaskExitError
                0x0800c240       0x5c ./Middlewares/Third_Party/FreeRTOS/Source/portable/GCC/ARM_CM4F/port.o
 *fill*         0x0800c29c        0x4 
 .text.SVC_Handler
                0x0800c2a0       0x28 ./Middlewares/Third_Party/FreeRTOS/Source/portable/GCC/ARM_CM4F/port.o
                0x0800c2a0                SVC_Handler
 .text.prvPortStartFirstTask
                0x0800c2c8       0x28 ./Middlewares/Third_Party/FreeRTOS/Source/portable/GCC/ARM_CM4F/port.o
 .text.xPortStartScheduler
                0x0800c2f0      0x148 ./Middlewares/Third_Party/FreeRTOS/Source/portable/GCC/ARM_CM4F/port.o
                0x0800c2f0                xPortStartScheduler
 .text.vPortEnterCritical
                0x0800c438       0x64 ./Middlewares/Third_Party/FreeRTOS/Source/portable/GCC/ARM_CM4F/port.o
                0x0800c438                vPortEnterCritical
 .text.vPortExitCritical
                0x0800c49c       0x54 ./Middlewares/Third_Party/FreeRTOS/Source/portable/GCC/ARM_CM4F/port.o
                0x0800c49c                vPortExitCritical
 .text.PendSV_Handler
                0x0800c4f0       0x68 ./Middlewares/Third_Party/FreeRTOS/Source/portable/GCC/ARM_CM4F/port.o
                0x0800c4f0                PendSV_Handler
 .text.xPortSysTickHandler
                0x0800c558       0x44 ./Middlewares/Third_Party/FreeRTOS/Source/portable/GCC/ARM_CM4F/port.o
                0x0800c558                xPortSysTickHandler
 .text.vPortSetupTimerInterrupt
                0x0800c59c       0x48 ./Middlewares/Third_Party/FreeRTOS/Source/portable/GCC/ARM_CM4F/port.o
                0x0800c59c                vPortSetupTimerInterrupt
 .text.vPortEnableVFP
                0x0800c5e4       0x14 ./Middlewares/Third_Party/FreeRTOS/Source/portable/GCC/ARM_CM4F/port.o
 .text.vPortValidateInterruptPriority
                0x0800c5f8       0x84 ./Middlewares/Third_Party/FreeRTOS/Source/portable/GCC/ARM_CM4F/port.o
                0x0800c5f8                vPortValidateInterruptPriority
 .text.pvPortMalloc
                0x0800c67c      0x19c ./Middlewares/Third_Party/FreeRTOS/Source/portable/MemMang/heap_4.o
                0x0800c67c                pvPortMalloc
 .text.vPortFree
                0x0800c818       0xc8 ./Middlewares/Third_Party/FreeRTOS/Source/portable/MemMang/heap_4.o
                0x0800c818                vPortFree
 .text.prvHeapInit
                0x0800c8e0       0xc4 ./Middlewares/Third_Party/FreeRTOS/Source/portable/MemMang/heap_4.o
 .text.prvInsertBlockIntoFreeList
                0x0800c9a4       0xb4 ./Middlewares/Third_Party/FreeRTOS/Source/portable/MemMang/heap_4.o
 .text.AES_keyschedule_enc_LL
                0x0800ca58      0x1c4 D:\Projets CubeIDE\Nouveaux projets\SDIO_RTOS\Crypto_Lib\Lib\libSTM32CryptographicV3.0.0_CM4_GCC_ot.a(crypto.o)
 .text.AES_general_SW_enc
                0x0800cc1c      0x310 D:\Projets CubeIDE\Nouveaux projets\SDIO_RTOS\Crypto_Lib\Lib\libSTM32CryptographicV3.0.0_CM4_GCC_ot.a(crypto.o)
                0x0800cc1c                AES_general_SW_enc
 .text.AES_keyschedule_dec
                0x0800cf2c      0x180 D:\Projets CubeIDE\Nouveaux projets\SDIO_RTOS\Crypto_Lib\Lib\libSTM32CryptographicV3.0.0_CM4_GCC_ot.a(crypto.o)
                0x0800cf2c                AES_keyschedule_dec
 .text.AES_general_SW_dec
                0x0800d0ac      0x338 D:\Projets CubeIDE\Nouveaux projets\SDIO_RTOS\Crypto_Lib\Lib\libSTM32CryptographicV3.0.0_CM4_GCC_ot.a(crypto.o)
                0x0800d0ac                AES_general_SW_dec
 .text.AES_CBC_Encrypt_Init
                0x0800d3e4       0xcc D:\Projets CubeIDE\Nouveaux projets\SDIO_RTOS\Crypto_Lib\Lib\libSTM32CryptographicV3.0.0_CM4_GCC_ot.a(crypto.o)
                0x0800d3e4                AES_CBC_Encrypt_Init
 .text.AES_CBC_Encrypt_Append
                0x0800d4b0      0x3e4 D:\Projets CubeIDE\Nouveaux projets\SDIO_RTOS\Crypto_Lib\Lib\libSTM32CryptographicV3.0.0_CM4_GCC_ot.a(crypto.o)
                0x0800d4b0                AES_CBC_Encrypt_Append
 .text.AES_CBC_Encrypt_Finish
                0x0800d894       0x1c D:\Projets CubeIDE\Nouveaux projets\SDIO_RTOS\Crypto_Lib\Lib\libSTM32CryptographicV3.0.0_CM4_GCC_ot.a(crypto.o)
                0x0800d894                AES_CBC_Encrypt_Finish
 .text.AES_CBC_Decrypt_Init
                0x0800d8b0       0x9c D:\Projets CubeIDE\Nouveaux projets\SDIO_RTOS\Crypto_Lib\Lib\libSTM32CryptographicV3.0.0_CM4_GCC_ot.a(crypto.o)
                0x0800d8b0                AES_CBC_Decrypt_Init
 .text.AES_CBC_Decrypt_Append
                0x0800d94c      0x51c D:\Projets CubeIDE\Nouveaux projets\SDIO_RTOS\Crypto_Lib\Lib\libSTM32CryptographicV3.0.0_CM4_GCC_ot.a(crypto.o)
                0x0800d94c                AES_CBC_Decrypt_Append
 .text.AES_CBC_Decrypt_Finish
                0x0800de68       0x1c D:\Projets CubeIDE\Nouveaux projets\SDIO_RTOS\Crypto_Lib\Lib\libSTM32CryptographicV3.0.0_CM4_GCC_ot.a(crypto.o)
                0x0800de68                AES_CBC_Decrypt_Finish
 .text.malloc   0x0800de84       0x10 D:/STM32 Download/CubeIDE/STM32CubeIDE_1.14.1/STM32CubeIDE/plugins/com.st.stm32cube.ide.mcu.externaltools.gnu-tools-for-stm32.13.3.rel1.win32_1.0.0.202411081344/tools/bin/../lib/gcc/arm-none-eabi/13.3.1/../../../../arm-none-eabi/lib/thumb/v7e-m+fp/softfp\libc_nano.a(libc_a-malloc.o)
                0x0800de84                malloc
 .text.free     0x0800de94       0x10 D:/STM32 Download/CubeIDE/STM32CubeIDE_1.14.1/STM32CubeIDE/plugins/com.st.stm32cube.ide.mcu.externaltools.gnu-tools-for-stm32.13.3.rel1.win32_1.0.0.202411081344/tools/bin/../lib/gcc/arm-none-eabi/13.3.1/../../../../arm-none-eabi/lib/thumb/v7e-m+fp/softfp\libc_nano.a(libc_a-malloc.o)
                0x0800de94                free
 .text.sbrk_aligned
                0x0800dea4       0x44 D:/STM32 Download/CubeIDE/STM32CubeIDE_1.14.1/STM32CubeIDE/plugins/com.st.stm32cube.ide.mcu.externaltools.gnu-tools-for-stm32.13.3.rel1.win32_1.0.0.202411081344/tools/bin/../lib/gcc/arm-none-eabi/13.3.1/../../../../arm-none-eabi/lib/thumb/v7e-m+fp/softfp\libc_nano.a(libc_a-mallocr.o)
 .text._malloc_r
                0x0800dee8      0x100 D:/STM32 Download/CubeIDE/STM32CubeIDE_1.14.1/STM32CubeIDE/plugins/com.st.stm32cube.ide.mcu.externaltools.gnu-tools-for-stm32.13.3.rel1.win32_1.0.0.202411081344/tools/bin/../lib/gcc/arm-none-eabi/13.3.1/../../../../arm-none-eabi/lib/thumb/v7e-m+fp/softfp\libc_nano.a(libc_a-mallocr.o)
                0x0800dee8                _malloc_r
 .text.__malloc_lock
                0x0800dfe8        0xc D:/STM32 Download/CubeIDE/STM32CubeIDE_1.14.1/STM32CubeIDE/plugins/com.st.stm32cube.ide.mcu.externaltools.gnu-tools-for-stm32.13.3.rel1.win32_1.0.0.202411081344/tools/bin/../lib/gcc/arm-none-eabi/13.3.1/../../../../arm-none-eabi/lib/thumb/v7e-m+fp/softfp\libc_nano.a(libc_a-mlock.o)
                0x0800dfe8                __malloc_lock
 .text.__malloc_unlock
                0x0800dff4        0xc D:/STM32 Download/CubeIDE/STM32CubeIDE_1.14.1/STM32CubeIDE/plugins/com.st.stm32cube.ide.mcu.externaltools.gnu-tools-for-stm32.13.3.rel1.win32_1.0.0.202411081344/tools/bin/../lib/gcc/arm-none-eabi/13.3.1/../../../../arm-none-eabi/lib/thumb/v7e-m+fp/softfp\libc_nano.a(libc_a-mlock.o)
                0x0800dff4                __malloc_unlock
 .text.snprintf
                0x0800e000       0x6c D:/STM32 Download/CubeIDE/STM32CubeIDE_1.14.1/STM32CubeIDE/plugins/com.st.stm32cube.ide.mcu.externaltools.gnu-tools-for-stm32.13.3.rel1.win32_1.0.0.202411081344/tools/bin/../lib/gcc/arm-none-eabi/13.3.1/../../../../arm-none-eabi/lib/thumb/v7e-m+fp/softfp\libc_nano.a(libc_a-snprintf.o)
                0x0800e000                sniprintf
                0x0800e000                snprintf
 .text.sprintf  0x0800e06c       0x44 D:/STM32 Download/CubeIDE/STM32CubeIDE_1.14.1/STM32CubeIDE/plugins/com.st.stm32cube.ide.mcu.externaltools.gnu-tools-for-stm32.13.3.rel1.win32_1.0.0.202411081344/tools/bin/../lib/gcc/arm-none-eabi/13.3.1/../../../../arm-none-eabi/lib/thumb/v7e-m+fp/softfp\libc_nano.a(libc_a-sprintf.o)
                0x0800e06c                siprintf
                0x0800e06c                sprintf
 .text.memmove  0x0800e0b0       0x34 D:/STM32 Download/CubeIDE/STM32CubeIDE_1.14.1/STM32CubeIDE/plugins/com.st.stm32cube.ide.mcu.externaltools.gnu-tools-for-stm32.13.3.rel1.win32_1.0.0.202411081344/tools/bin/../lib/gcc/arm-none-eabi/13.3.1/../../../../arm-none-eabi/lib/thumb/v7e-m+fp/softfp\libc_nano.a(libc_a-memmove.o)
                0x0800e0b0                memmove
 .text.memset   0x0800e0e4       0x10 D:/STM32 Download/CubeIDE/STM32CubeIDE_1.14.1/STM32CubeIDE/plugins/com.st.stm32cube.ide.mcu.externaltools.gnu-tools-for-stm32.13.3.rel1.win32_1.0.0.202411081344/tools/bin/../lib/gcc/arm-none-eabi/13.3.1/../../../../arm-none-eabi/lib/thumb/v7e-m+fp/softfp\libc_nano.a(libc_a-memset.o)
                0x0800e0e4                memset
 .text._reclaim_reent
                0x0800e0f4       0xbc D:/STM32 Download/CubeIDE/STM32CubeIDE_1.14.1/STM32CubeIDE/plugins/com.st.stm32cube.ide.mcu.externaltools.gnu-tools-for-stm32.13.3.rel1.win32_1.0.0.202411081344/tools/bin/../lib/gcc/arm-none-eabi/13.3.1/../../../../arm-none-eabi/lib/thumb/v7e-m+fp/softfp\libc_nano.a(libc_a-reent.o)
                0x0800e0f4                _reclaim_reent
 .text._sbrk_r  0x0800e1b0       0x20 D:/STM32 Download/CubeIDE/STM32CubeIDE_1.14.1/STM32CubeIDE/plugins/com.st.stm32cube.ide.mcu.externaltools.gnu-tools-for-stm32.13.3.rel1.win32_1.0.0.202411081344/tools/bin/../lib/gcc/arm-none-eabi/13.3.1/../../../../arm-none-eabi/lib/thumb/v7e-m+fp/softfp\libc_nano.a(libc_a-sbrkr.o)
                0x0800e1b0                _sbrk_r
 .text.__errno  0x0800e1d0        0xc D:/STM32 Download/CubeIDE/STM32CubeIDE_1.14.1/STM32CubeIDE/plugins/com.st.stm32cube.ide.mcu.externaltools.gnu-tools-for-stm32.13.3.rel1.win32_1.0.0.202411081344/tools/bin/../lib/gcc/arm-none-eabi/13.3.1/../../../../arm-none-eabi/lib/thumb/v7e-m+fp/softfp\libc_nano.a(libc_a-errno.o)
                0x0800e1d0                __errno
 .text.__libc_init_array
                0x0800e1dc       0x48 D:/STM32 Download/CubeIDE/STM32CubeIDE_1.14.1/STM32CubeIDE/plugins/com.st.stm32cube.ide.mcu.externaltools.gnu-tools-for-stm32.13.3.rel1.win32_1.0.0.202411081344/tools/bin/../lib/gcc/arm-none-eabi/13.3.1/../../../../arm-none-eabi/lib/thumb/v7e-m+fp/softfp\libc_nano.a(libc_a-init.o)
                0x0800e1dc                __libc_init_array
 .text.__retarget_lock_acquire_recursive
                0x0800e224        0x2 D:/STM32 Download/CubeIDE/STM32CubeIDE_1.14.1/STM32CubeIDE/plugins/com.st.stm32cube.ide.mcu.externaltools.gnu-tools-for-stm32.13.3.rel1.win32_1.0.0.202411081344/tools/bin/../lib/gcc/arm-none-eabi/13.3.1/../../../../arm-none-eabi/lib/thumb/v7e-m+fp/softfp\libc_nano.a(libc_a-lock.o)
                0x0800e224                __retarget_lock_acquire_recursive
 .text.__retarget_lock_release_recursive
                0x0800e226        0x2 D:/STM32 Download/CubeIDE/STM32CubeIDE_1.14.1/STM32CubeIDE/plugins/com.st.stm32cube.ide.mcu.externaltools.gnu-tools-for-stm32.13.3.rel1.win32_1.0.0.202411081344/tools/bin/../lib/gcc/arm-none-eabi/13.3.1/../../../../arm-none-eabi/lib/thumb/v7e-m+fp/softfp\libc_nano.a(libc_a-lock.o)
                0x0800e226                __retarget_lock_release_recursive
 .text.memcpy   0x0800e228       0x1c D:/STM32 Download/CubeIDE/STM32CubeIDE_1.14.1/STM32CubeIDE/plugins/com.st.stm32cube.ide.mcu.externaltools.gnu-tools-for-stm32.13.3.rel1.win32_1.0.0.202411081344/tools/bin/../lib/gcc/arm-none-eabi/13.3.1/../../../../arm-none-eabi/lib/thumb/v7e-m+fp/softfp\libc_nano.a(libc_a-memcpy-stub.o)
                0x0800e228                memcpy
 .text._free_r  0x0800e244       0x94 D:/STM32 Download/CubeIDE/STM32CubeIDE_1.14.1/STM32CubeIDE/plugins/com.st.stm32cube.ide.mcu.externaltools.gnu-tools-for-stm32.13.3.rel1.win32_1.0.0.202411081344/tools/bin/../lib/gcc/arm-none-eabi/13.3.1/../../../../arm-none-eabi/lib/thumb/v7e-m+fp/softfp\libc_nano.a(libc_a-freer.o)
                0x0800e244                _free_r
 .text.__ssputs_r
                0x0800e2d8       0xb6 D:/STM32 Download/CubeIDE/STM32CubeIDE_1.14.1/STM32CubeIDE/plugins/com.st.stm32cube.ide.mcu.externaltools.gnu-tools-for-stm32.13.3.rel1.win32_1.0.0.202411081344/tools/bin/../lib/gcc/arm-none-eabi/13.3.1/../../../../arm-none-eabi/lib/thumb/v7e-m+fp/softfp\libc_nano.a(libc_a-nano-svfprintf.o)
                0x0800e2d8                __ssputs_r
 *fill*         0x0800e38e        0x2 
 .text._svfprintf_r
                0x0800e390      0x1f8 D:/STM32 Download/CubeIDE/STM32CubeIDE_1.14.1/STM32CubeIDE/plugins/com.st.stm32cube.ide.mcu.externaltools.gnu-tools-for-stm32.13.3.rel1.win32_1.0.0.202411081344/tools/bin/../lib/gcc/arm-none-eabi/13.3.1/../../../../arm-none-eabi/lib/thumb/v7e-m+fp/softfp\libc_nano.a(libc_a-nano-svfprintf.o)
                0x0800e390                _svfiprintf_r
                0x0800e390                _svfprintf_r
 .text._printf_common
                0x0800e588       0xda D:/STM32 Download/CubeIDE/STM32CubeIDE_1.14.1/STM32CubeIDE/plugins/com.st.stm32cube.ide.mcu.externaltools.gnu-tools-for-stm32.13.3.rel1.win32_1.0.0.202411081344/tools/bin/../lib/gcc/arm-none-eabi/13.3.1/../../../../arm-none-eabi/lib/thumb/v7e-m+fp/softfp\libc_nano.a(libc_a-nano-vfprintf_i.o)
                0x0800e588                _printf_common
 *fill*         0x0800e662        0x2 
 .text._printf_i
                0x0800e664      0x23c D:/STM32 Download/CubeIDE/STM32CubeIDE_1.14.1/STM32CubeIDE/plugins/com.st.stm32cube.ide.mcu.externaltools.gnu-tools-for-stm32.13.3.rel1.win32_1.0.0.202411081344/tools/bin/../lib/gcc/arm-none-eabi/13.3.1/../../../../arm-none-eabi/lib/thumb/v7e-m+fp/softfp\libc_nano.a(libc_a-nano-vfprintf_i.o)
                0x0800e664                _printf_i
 .text._realloc_r
                0x0800e8a0       0x5c D:/STM32 Download/CubeIDE/STM32CubeIDE_1.14.1/STM32CubeIDE/plugins/com.st.stm32cube.ide.mcu.externaltools.gnu-tools-for-stm32.13.3.rel1.win32_1.0.0.202411081344/tools/bin/../lib/gcc/arm-none-eabi/13.3.1/../../../../arm-none-eabi/lib/thumb/v7e-m+fp/softfp\libc_nano.a(libc_a-reallocr.o)
                0x0800e8a0                _realloc_r
 .text._malloc_usable_size_r
                0x0800e8fc       0x10 D:/STM32 Download/CubeIDE/STM32CubeIDE_1.14.1/STM32CubeIDE/plugins/com.st.stm32cube.ide.mcu.externaltools.gnu-tools-for-stm32.13.3.rel1.win32_1.0.0.202411081344/tools/bin/../lib/gcc/arm-none-eabi/13.3.1/../../../../arm-none-eabi/lib/thumb/v7e-m+fp/softfp\libc_nano.a(libc_a-msizer.o)
                0x0800e8fc                _malloc_usable_size_r
 *(.glue_7)
 .glue_7        0x0800e90c        0x0 linker stubs
 *(.glue_7t)
 .glue_7t       0x0800e90c        0x0 linker stubs
 *(.eh_frame)
 .eh_frame      0x0800e90c        0x0 D:/STM32 Download/CubeIDE/STM32CubeIDE_1.14.1/STM32CubeIDE/plugins/com.st.stm32cube.ide.mcu.externaltools.gnu-tools-for-stm32.13.3.rel1.win32_1.0.0.202411081344/tools/bin/../lib/gcc/arm-none-eabi/13.3.1/thumb/v7e-m+fp/softfp/crtbegin.o
 *(.init)
 .init          0x0800e90c        0x4 D:/STM32 Download/CubeIDE/STM32CubeIDE_1.14.1/STM32CubeIDE/plugins/com.st.stm32cube.ide.mcu.externaltools.gnu-tools-for-stm32.13.3.rel1.win32_1.0.0.202411081344/tools/bin/../lib/gcc/arm-none-eabi/13.3.1/thumb/v7e-m+fp/softfp/crti.o
                0x0800e90c                _init
 .init          0x0800e910        0x8 D:/STM32 Download/CubeIDE/STM32CubeIDE_1.14.1/STM32CubeIDE/plugins/com.st.stm32cube.ide.mcu.externaltools.gnu-tools-for-stm32.13.3.rel1.win32_1.0.0.202411081344/tools/bin/../lib/gcc/arm-none-eabi/13.3.1/thumb/v7e-m+fp/softfp/crtn.o
 *(.fini)
 .fini          0x0800e918        0x4 D:/STM32 Download/CubeIDE/STM32CubeIDE_1.14.1/STM32CubeIDE/plugins/com.st.stm32cube.ide.mcu.externaltools.gnu-tools-for-stm32.13.3.rel1.win32_1.0.0.202411081344/tools/bin/../lib/gcc/arm-none-eabi/13.3.1/thumb/v7e-m+fp/softfp/crti.o
                0x0800e918                _fini
 .fini          0x0800e91c        0x8 D:/STM32 Download/CubeIDE/STM32CubeIDE_1.14.1/STM32CubeIDE/plugins/com.st.stm32cube.ide.mcu.externaltools.gnu-tools-for-stm32.13.3.rel1.win32_1.0.0.202411081344/tools/bin/../lib/gcc/arm-none-eabi/13.3.1/thumb/v7e-m+fp/softfp/crtn.o
                0x0800e924                        . = ALIGN (0x4)
                0x0800e924                        _etext = .

.vfp11_veneer   0x0800e924        0x0
 .vfp11_veneer  0x0800e924        0x0 linker stubs

.v4_bx          0x0800e924        0x0
 .v4_bx         0x0800e924        0x0 linker stubs

.iplt           0x0800e924        0x0
 .iplt          0x0800e924        0x0 D:/STM32 Download/CubeIDE/STM32CubeIDE_1.14.1/STM32CubeIDE/plugins/com.st.stm32cube.ide.mcu.externaltools.gnu-tools-for-stm32.13.3.rel1.win32_1.0.0.202411081344/tools/bin/../lib/gcc/arm-none-eabi/13.3.1/thumb/v7e-m+fp/softfp/crtbegin.o

.rodata         0x0800e924     0x1144
                0x0800e924                        . = ALIGN (0x4)
 *(.rodata)
 .rodata        0x0800e924       0xe4 ./Core/Src/main.o
 .rodata        0x0800ea08       0x48 ./Middlewares/Third_Party/FatFs/src/ff.o
 .rodata        0x0800ea50        0x5 ./Middlewares/Third_Party/FreeRTOS/Source/tasks.o
 *fill*         0x0800ea55        0x3 
 .rodata        0x0800ea58        0xd ./Middlewares/Third_Party/FreeRTOS/Source/timers.o
 *(.rodata*)
 *fill*         0x0800ea65        0x3 
 .rodata.defaultTask_attributes
                0x0800ea68       0x24 ./Core/Src/main.o
                0x0800ea68                defaultTask_attributes
 .rodata.ADC_Task_attributes
                0x0800ea8c       0x24 ./Core/Src/main.o
                0x0800ea8c                ADC_Task_attributes
 .rodata.SDIO_Task_attributes
                0x0800eab0       0x24 ./Core/Src/main.o
                0x0800eab0                SDIO_Task_attributes
 .rodata.RTC_Task_attributes
                0x0800ead4       0x24 ./Core/Src/main.o
                0x0800ead4                RTC_Task_attributes
 .rodata.Encrypt_Task_attributes
                0x0800eaf8       0x24 ./Core/Src/main.o
                0x0800eaf8                Encrypt_Task_attributes
 .rodata.Decrypt_Task_attributes
                0x0800eb1c       0x24 ./Core/Src/main.o
                0x0800eb1c                Decrypt_Task_attributes
 .rodata.RTC_Queue_attributes
                0x0800eb40       0x18 ./Core/Src/main.o
                0x0800eb40                RTC_Queue_attributes
 .rodata.ADC_Queue_attributes
                0x0800eb58       0x18 ./Core/Src/main.o
                0x0800eb58                ADC_Queue_attributes
 .rodata.Encrypt_DATAQueue_attributes
                0x0800eb70       0x18 ./Core/Src/main.o
                0x0800eb70                Encrypt_DATAQueue_attributes
 .rodata.BinarySemSD_CARD_attributes
                0x0800eb88       0x10 ./Core/Src/main.o
                0x0800eb88                BinarySemSD_CARD_attributes
 .rodata.AHBPrescTable
                0x0800eb98       0x10 ./Core/Src/system_stm32f4xx.o
                0x0800eb98                AHBPrescTable
 .rodata.APBPrescTable
                0x0800eba8        0x8 ./Core/Src/system_stm32f4xx.o
                0x0800eba8                APBPrescTable
 .rodata.flagBitshiftOffset.0
                0x0800ebb0        0x8 ./Drivers/STM32F4xx_HAL_Driver/Src/stm32f4xx_hal_dma.o
 .rodata.SD_Driver
                0x0800ebb8       0x14 ./FATFS/Target/sd_diskio.o
                0x0800ebb8                SD_Driver
 .rodata.ExCvt  0x0800ebcc       0x80 ./Middlewares/Third_Party/FatFs/src/ff.o
 .rodata.LfnOfs
                0x0800ec4c        0xd ./Middlewares/Third_Party/FatFs/src/ff.o
 *fill*         0x0800ec59        0x3 
 .rodata.Tbl    0x0800ec5c      0x100 ./Middlewares/Third_Party/FatFs/src/option/ccsbcs.o
 .rodata.cvt1.1
                0x0800ed5c      0x1f2 ./Middlewares/Third_Party/FatFs/src/option/ccsbcs.o
 *fill*         0x0800ef4e        0x2 
 .rodata.cvt2.0
                0x0800ef50       0xbc ./Middlewares/Third_Party/FatFs/src/option/ccsbcs.o
 .rodata.rcon   0x0800f00c       0x28 D:\Projets CubeIDE\Nouveaux projets\SDIO_RTOS\Crypto_Lib\Lib\libSTM32CryptographicV3.0.0_CM4_GCC_ot.a(crypto.o)
                0x0800f00c                rcon
 .rodata.dec_table
                0x0800f034      0x400 D:\Projets CubeIDE\Nouveaux projets\SDIO_RTOS\Crypto_Lib\Lib\libSTM32CryptographicV3.0.0_CM4_GCC_ot.a(crypto.o)
                0x0800f034                dec_table
 .rodata.enc_table
                0x0800f434      0x400 D:\Projets CubeIDE\Nouveaux projets\SDIO_RTOS\Crypto_Lib\Lib\libSTM32CryptographicV3.0.0_CM4_GCC_ot.a(crypto.o)
                0x0800f434                enc_table
 .rodata.InvSbox
                0x0800f834      0x100 D:\Projets CubeIDE\Nouveaux projets\SDIO_RTOS\Crypto_Lib\Lib\libSTM32CryptographicV3.0.0_CM4_GCC_ot.a(crypto.o)
                0x0800f834                InvSbox
 .rodata.Sbox   0x0800f934      0x100 D:\Projets CubeIDE\Nouveaux projets\SDIO_RTOS\Crypto_Lib\Lib\libSTM32CryptographicV3.0.0_CM4_GCC_ot.a(crypto.o)
                0x0800f934                Sbox
 .rodata._svfprintf_r.str1.1
                0x0800fa34       0x33 D:/STM32 Download/CubeIDE/STM32CubeIDE_1.14.1/STM32CubeIDE/plugins/com.st.stm32cube.ide.mcu.externaltools.gnu-tools-for-stm32.13.3.rel1.win32_1.0.0.202411081344/tools/bin/../lib/gcc/arm-none-eabi/13.3.1/../../../../arm-none-eabi/lib/thumb/v7e-m+fp/softfp\libc_nano.a(libc_a-nano-svfprintf.o)
                                 0x11 (size before relaxing)
 .rodata._printf_i.str1.1
                0x0800fa67       0x22 D:/STM32 Download/CubeIDE/STM32CubeIDE_1.14.1/STM32CubeIDE/plugins/com.st.stm32cube.ide.mcu.externaltools.gnu-tools-for-stm32.13.3.rel1.win32_1.0.0.202411081344/tools/bin/../lib/gcc/arm-none-eabi/13.3.1/../../../../arm-none-eabi/lib/thumb/v7e-m+fp/softfp\libc_nano.a(libc_a-nano-vfprintf_i.o)
                0x0800fa8c                        . = ALIGN (0x4)
 *fill*         0x0800fa67        0x1 

.ARM.extab      0x0800fa68        0x0
                0x0800fa68                        . = ALIGN (0x4)
 *(.ARM.extab* .gnu.linkonce.armextab.*)
                0x0800fa68                        . = ALIGN (0x4)

.ARM            0x0800fa68        0x8
                0x0800fa68                        . = ALIGN (0x4)
                0x0800fa68                        __exidx_start = .
 *(.ARM.exidx*)
 .ARM.exidx     0x0800fa68        0x8 D:/STM32 Download/CubeIDE/STM32CubeIDE_1.14.1/STM32CubeIDE/plugins/com.st.stm32cube.ide.mcu.externaltools.gnu-tools-for-stm32.13.3.rel1.win32_1.0.0.202411081344/tools/bin/../lib/gcc/arm-none-eabi/13.3.1/../../../../arm-none-eabi/lib/thumb/v7e-m+fp/softfp\libc_nano.a(libc_a-strlen.o)
 .ARM.exidx     0x0800fa70        0x0 D:/STM32 Download/CubeIDE/STM32CubeIDE_1.14.1/STM32CubeIDE/plugins/com.st.stm32cube.ide.mcu.externaltools.gnu-tools-for-stm32.13.3.rel1.win32_1.0.0.202411081344/tools/bin/../lib/gcc/arm-none-eabi/13.3.1/../../../../arm-none-eabi/lib/thumb/v7e-m+fp/softfp\libc_nano.a(libc_a-memchr.o)
                                  0x8 (size before relaxing)
 .ARM.exidx     0x0800fa70        0x0 D:/STM32 Download/CubeIDE/STM32CubeIDE_1.14.1/STM32CubeIDE/plugins/com.st.stm32cube.ide.mcu.externaltools.gnu-tools-for-stm32.13.3.rel1.win32_1.0.0.202411081344/tools/bin/../lib/gcc/arm-none-eabi/13.3.1/thumb/v7e-m+fp/softfp\libgcc.a(_udivmoddi4.o)
                                  0x8 (size before relaxing)
                0x0800fa70                        __exidx_end = .
                0x0800fa70                        . = ALIGN (0x4)

.preinit_array  0x0800fa70        0x0
                0x0800fa70                        . = ALIGN (0x4)
                0x0800fa70                        PROVIDE (__preinit_array_start = .)
 *(.preinit_array*)
                0x0800fa70                        PROVIDE (__preinit_array_end = .)
                0x0800fa70                        . = ALIGN (0x4)

.init_array     0x0800fa70        0x4
                0x0800fa70                        . = ALIGN (0x4)
                0x0800fa70                        PROVIDE (__init_array_start = .)
 *(SORT_BY_NAME(.init_array.*))
 *(.init_array*)
 .init_array    0x0800fa70        0x4 D:/STM32 Download/CubeIDE/STM32CubeIDE_1.14.1/STM32CubeIDE/plugins/com.st.stm32cube.ide.mcu.externaltools.gnu-tools-for-stm32.13.3.rel1.win32_1.0.0.202411081344/tools/bin/../lib/gcc/arm-none-eabi/13.3.1/thumb/v7e-m+fp/softfp/crtbegin.o
                0x0800fa74                        PROVIDE (__init_array_end = .)
                0x0800fa74                        . = ALIGN (0x4)

.fini_array     0x0800fa74        0x4
                0x0800fa74                        . = ALIGN (0x4)
                [!provide]                        PROVIDE (__fini_array_start = .)
 *(SORT_BY_NAME(.fini_array.*))
 *(.fini_array*)
 .fini_array    0x0800fa74        0x4 D:/STM32 Download/CubeIDE/STM32CubeIDE_1.14.1/STM32CubeIDE/plugins/com.st.stm32cube.ide.mcu.externaltools.gnu-tools-for-stm32.13.3.rel1.win32_1.0.0.202411081344/tools/bin/../lib/gcc/arm-none-eabi/13.3.1/thumb/v7e-m+fp/softfp/crtbegin.o
                [!provide]                        PROVIDE (__fini_array_end = .)
                0x0800fa78                        . = ALIGN (0x4)
                0x0800fa78                        _sidata = LOADADDR (.data)

.rel.dyn        0x0800fa78        0x0
 .rel.iplt      0x0800fa78        0x0 D:/STM32 Download/CubeIDE/STM32CubeIDE_1.14.1/STM32CubeIDE/plugins/com.st.stm32cube.ide.mcu.externaltools.gnu-tools-for-stm32.13.3.rel1.win32_1.0.0.202411081344/tools/bin/../lib/gcc/arm-none-eabi/13.3.1/thumb/v7e-m+fp/softfp/crtbegin.o

.data           0x20000000       0x88 load address 0x0800fa78
                0x20000000                        . = ALIGN (0x4)
                0x20000000                        _sdata = .
 *(.data)
 *(.data*)
 .data.Key      0x20000000       0x18 ./Core/Src/main.o
                0x20000000                Key
 .data.IV       0x20000018       0x10 ./Core/Src/main.o
                0x20000018                IV
 .data.SystemCoreClock
                0x20000028        0x4 ./Core/Src/system_stm32f4xx.o
                0x20000028                SystemCoreClock
 .data.uwTickPrio
                0x2000002c        0x4 ./Drivers/STM32F4xx_HAL_Driver/Src/stm32f4xx_hal.o
                0x2000002c                uwTickPrio
 .data.uwTickFreq
                0x20000030        0x1 ./Drivers/STM32F4xx_HAL_Driver/Src/stm32f4xx_hal.o
                0x20000030                uwTickFreq
 .data.Stat     0x20000031        0x1 ./FATFS/Target/sd_diskio.o
 *fill*         0x20000032        0x2 
 .data.uxCriticalNesting
                0x20000034        0x4 ./Middlewares/Third_Party/FreeRTOS/Source/portable/GCC/ARM_CM4F/port.o
 .data._impure_ptr
                0x20000038        0x4 D:/STM32 Download/CubeIDE/STM32CubeIDE_1.14.1/STM32CubeIDE/plugins/com.st.stm32cube.ide.mcu.externaltools.gnu-tools-for-stm32.13.3.rel1.win32_1.0.0.202411081344/tools/bin/../lib/gcc/arm-none-eabi/13.3.1/../../../../arm-none-eabi/lib/thumb/v7e-m+fp/softfp\libc_nano.a(libc_a-impure.o)
                0x20000038                _impure_ptr
 .data._impure_data
                0x2000003c       0x4c D:/STM32 Download/CubeIDE/STM32CubeIDE_1.14.1/STM32CubeIDE/plugins/com.st.stm32cube.ide.mcu.externaltools.gnu-tools-for-stm32.13.3.rel1.win32_1.0.0.202411081344/tools/bin/../lib/gcc/arm-none-eabi/13.3.1/../../../../arm-none-eabi/lib/thumb/v7e-m+fp/softfp\libc_nano.a(libc_a-impure.o)
                0x2000003c                _impure_data
 *(.RamFunc)
 *(.RamFunc*)
                0x20000088                        . = ALIGN (0x4)
                0x20000088                        _edata = .
                0x0800fb00                        _siccmram = LOADADDR (.ccmram)

.igot.plt       0x20000088        0x0 load address 0x0800fb00
 .igot.plt      0x20000088        0x0 D:/STM32 Download/CubeIDE/STM32CubeIDE_1.14.1/STM32CubeIDE/plugins/com.st.stm32cube.ide.mcu.externaltools.gnu-tools-for-stm32.13.3.rel1.win32_1.0.0.202411081344/tools/bin/../lib/gcc/arm-none-eabi/13.3.1/thumb/v7e-m+fp/softfp/crtbegin.o

.ccmram         0x10000000        0x0 load address 0x0800fb00
                0x10000000                        . = ALIGN (0x4)
                0x10000000                        _sccmram = .
 *(.ccmram)
 *(.ccmram*)
                0x10000000                        . = ALIGN (0x4)
                0x10000000                        _eccmram = .
                0x10000000                        . = ALIGN (0x4)

.bss            0x20000088     0x54ec
                0x20000088                        _sbss = .
                0x20000088                        __bss_start__ = _sbss
 *(.bss)
 .bss           0x20000088       0x1c D:/STM32 Download/CubeIDE/STM32CubeIDE_1.14.1/STM32CubeIDE/plugins/com.st.stm32cube.ide.mcu.externaltools.gnu-tools-for-stm32.13.3.rel1.win32_1.0.0.202411081344/tools/bin/../lib/gcc/arm-none-eabi/13.3.1/thumb/v7e-m+fp/softfp/crtbegin.o
 *(.bss*)
 .bss.hadc1     0x200000a4       0x48 ./Core/Src/main.o
                0x200000a4                hadc1
 .bss.hrng      0x200000ec       0x10 ./Core/Src/main.o
                0x200000ec                hrng
 .bss.hrtc      0x200000fc       0x20 ./Core/Src/main.o
                0x200000fc                hrtc
 .bss.hsd       0x2000011c       0x84 ./Core/Src/main.o
                0x2000011c                hsd
 .bss.hdma_sdio_rx
                0x200001a0       0x60 ./Core/Src/main.o
                0x200001a0                hdma_sdio_rx
 .bss.hdma_sdio_tx
                0x20000200       0x60 ./Core/Src/main.o
                0x20000200                hdma_sdio_tx
 .bss.defaultTaskHandle
                0x20000260        0x4 ./Core/Src/main.o
                0x20000260                defaultTaskHandle
 .bss.ADC_TaskHandle
                0x20000264        0x4 ./Core/Src/main.o
                0x20000264                ADC_TaskHandle
 .bss.SDIO_TaskHandle
                0x20000268        0x4 ./Core/Src/main.o
                0x20000268                SDIO_TaskHandle
 .bss.RTC_TaskHandle
                0x2000026c        0x4 ./Core/Src/main.o
                0x2000026c                RTC_TaskHandle
 .bss.Encrypt_TaskHandle
                0x20000270        0x4 ./Core/Src/main.o
                0x20000270                Encrypt_TaskHandle
 .bss.Decrypt_TaskHandle
                0x20000274        0x4 ./Core/Src/main.o
                0x20000274                Decrypt_TaskHandle
 .bss.RTC_QueueHandle
                0x20000278        0x4 ./Core/Src/main.o
                0x20000278                RTC_QueueHandle
 .bss.ADC_QueueHandle
                0x2000027c        0x4 ./Core/Src/main.o
                0x2000027c                ADC_QueueHandle
 .bss.Encrypt_DATAQueueHandle
                0x20000280        0x4 ./Core/Src/main.o
                0x20000280                Encrypt_DATAQueueHandle
 .bss.BinarySemSD_CARDHandle
                0x20000284        0x4 ./Core/Src/main.o
                0x20000284                BinarySemSD_CARDHandle
 .bss.ADC_VAL   0x20000288        0x2 ./Core/Src/main.o
                0x20000288                ADC_VAL
 .bss.ADC_VAL_GET
                0x2000028a        0x2 ./Core/Src/main.o
                0x2000028a                ADC_VAL_GET
 .bss.fs        0x2000028c      0x234 ./Core/Src/main.o
                0x2000028c                fs
 .bss.file      0x200004c0      0x230 ./Core/Src/main.o
                0x200004c0                file
 .bss.ActualTime
                0x200006f0       0x14 ./Core/Src/main.o
                0x200006f0                ActualTime
 .bss.ActualDate
                0x20000704        0x4 ./Core/Src/main.o
                0x20000704                ActualDate
 .bss.RTC_data  0x20000708        0x6 ./Core/Src/main.o
                0x20000708                RTC_data
 *fill*         0x2000070e        0x2 
 .bss.RTC_data_received
                0x20000710        0x6 ./Core/Src/main.o
                0x20000710                RTC_data_received
 *fill*         0x20000716        0x2 
 .bss.AESctx    0x20000718      0x118 ./Core/Src/main.o
                0x20000718                AESctx
 .bss.output_enc_length
                0x20000830        0x4 ./Core/Src/main.o
                0x20000830                output_enc_length
 .bss.output_dec_length
                0x20000834        0x4 ./Core/Src/main.o
                0x20000834                output_dec_length
 .bss.OutputEncMessage
                0x20000838       0x28 ./Core/Src/main.o
                0x20000838                OutputEncMessage
 .bss.OutputDecMessage
                0x20000860       0x28 ./Core/Src/main.o
                0x20000860                OutputDecMessage
 .bss.OutputMessageLength
                0x20000888        0x4 ./Core/Src/main.o
                0x20000888                OutputMessageLength
 .bss.data      0x2000088c       0x28 ./Core/Src/main.o